   Compiling mafis v0.5.0 (/Users/teddyadmin/Developments/Research-Project/mafis)
    Finished `release` profile [optimized] target(s) in 1m 11s
     Running unittests src/lib.rs (target/release/deps/mafis-c0eb931ccdefc656)

=== RHCR Braess observatory proof: 600 runs across 3 matrices ===

--- proof_w1_n60: 200 runs ---
Experiment: 200 configs, 100 unique baselines (100 cached), 13 threads
[baseline 1/100] rhcr_pbs / warehouse_single_dock / closest / 60 agents / seed 42
[baseline 2/100] rhcr_pbs / warehouse_single_dock / closest / 60 agents / seed 33
[baseline 8/100] rhcr_pbs / warehouse_single_dock / closest / 60 agents / seed 9999
[baseline 4/100] rhcr_pbs / warehouse_single_dock / closest / 60 agents / seed 456
[baseline 5/100] rhcr_pbs / warehouse_single_dock / closest / 60 agents / seed 11
[baseline 6/100] rhcr_pbs / warehouse_single_dock / closest / 60 agents / seed 2048
[baseline 7/100] rhcr_pbs / warehouse_single_dock / closest / 60 agents / seed 7777
[baseline 9/100] rhcr_pbs / warehouse_single_dock / closest / 60 agents / seed 789
[baseline 10/100] rhcr_pbs / warehouse_single_dock / closest / 60 agents / seed 3141
[baseline 11/100] rhcr_pbs / warehouse_single_dock / closest / 60 agents / seed 123
[baseline 3/100] rhcr_pbs / warehouse_single_dock / closest / 60 agents / seed 1337
[baseline 12/100] rhcr_pbs / warehouse_single_dock / closest / 60 agents / seed 22
[baseline 13/100] rhcr_pbs / warehouse_single_dock / closest / 60 agents / seed 101
[baseline 14/100] rhcr_pbs / warehouse_single_dock / closest / 60 agents / seed 456
[baseline 15/100] rhcr_pbs / warehouse_single_dock / closest / 60 agents / seed 7777
[baseline 16/100] rhcr_pbs / warehouse_single_dock / closest / 60 agents / seed 33
[baseline 17/100] rhcr_pbs / warehouse_single_dock / closest / 60 agents / seed 9999
[baseline 18/100] rhcr_pbs / warehouse_single_dock / closest / 60 agents / seed 3141
[baseline 19/100] rhcr_pbs / warehouse_single_dock / closest / 60 agents / seed 7777
[baseline 20/100] rhcr_pbs / warehouse_single_dock / closest / 60 agents / seed 123
[baseline 21/100] rhcr_pbs / warehouse_single_dock / closest / 60 agents / seed 3141
[baseline 22/100] rhcr_pbs / warehouse_single_dock / closest / 60 agents / seed 123
[baseline 23/100] rhcr_pbs / warehouse_single_dock / closest / 60 agents / seed 22
[baseline 24/100] rhcr_pbs / warehouse_single_dock / closest / 60 agents / seed 22
[baseline 25/100] rhcr_pbs / warehouse_single_dock / closest / 60 agents / seed 123
[baseline 26/100] rhcr_pbs / warehouse_single_dock / closest / 60 agents / seed 33
[baseline 27/100] rhcr_pbs / warehouse_single_dock / closest / 60 agents / seed 3141
[baseline 28/100] rhcr_pbs / warehouse_single_dock / closest / 60 agents / seed 456
[baseline 29/100] rhcr_pbs / warehouse_single_dock / closest / 60 agents / seed 7777
[baseline 30/100] rhcr_pbs / warehouse_single_dock / closest / 60 agents / seed 1337
[baseline 31/100] rhcr_pbs / warehouse_single_dock / closest / 60 agents / seed 9999
[baseline 32/100] rhcr_pbs / warehouse_single_dock / closest / 60 agents / seed 22
[baseline 33/100] rhcr_pbs / warehouse_single_dock / closest / 60 agents / seed 2048
[baseline 34/100] rhcr_pbs / warehouse_single_dock / closest / 60 agents / seed 2048
[baseline 35/100] rhcr_pbs / warehouse_single_dock / closest / 60 agents / seed 2048
[baseline 36/100] rhcr_pbs / warehouse_single_dock / closest / 60 agents / seed 789
[baseline 37/100] rhcr_pbs / warehouse_single_dock / closest / 60 agents / seed 42
[baseline 38/100] rhcr_pbs / warehouse_single_dock / closest / 60 agents / seed 42
[baseline 39/100] rhcr_pbs / warehouse_single_dock / closest / 60 agents / seed 42
[baseline 40/100] rhcr_pbs / warehouse_single_dock / closest / 60 agents / seed 101
[baseline 41/100] rhcr_pbs / warehouse_single_dock / closest / 60 agents / seed 101
[baseline 42/100] rhcr_pbs / warehouse_single_dock / closest / 60 agents / seed 42
[baseline 43/100] rhcr_pbs / warehouse_single_dock / closest / 60 agents / seed 101
[baseline 44/100] rhcr_pbs / warehouse_single_dock / closest / 60 agents / seed 11
[baseline 45/100] rhcr_pbs / warehouse_single_dock / closest / 60 agents / seed 11
[baseline 46/100] rhcr_pbs / warehouse_single_dock / closest / 60 agents / seed 11
[baseline 47/100] rhcr_pbs / warehouse_single_dock / closest / 60 agents / seed 2048
[baseline 48/100] rhcr_pbs / warehouse_single_dock / closest / 60 agents / seed 11
[baseline 49/100] rhcr_pbs / warehouse_single_dock / closest / 60 agents / seed 101
[baseline 50/100] rhcr_pbs / warehouse_single_dock / closest / 60 agents / seed 7777
[baseline 51/100] rhcr_pbs / warehouse_single_dock / closest / 60 agents / seed 1024
[baseline 52/100] rhcr_pbs / warehouse_single_dock / closest / 60 agents / seed 1024
[baseline 53/100] rhcr_pbs / warehouse_single_dock / closest / 60 agents / seed 1024
[baseline 54/100] rhcr_pbs / warehouse_single_dock / closest / 60 agents / seed 1024
[baseline 55/100] rhcr_pbs / warehouse_single_dock / closest / 60 agents / seed 33
[baseline 56/100] rhcr_pbs / warehouse_single_dock / closest / 60 agents / seed 456
[baseline 57/100] rhcr_pbs / warehouse_single_dock / closest / 60 agents / seed 1337
[baseline 58/100] rhcr_pbs / warehouse_single_dock / closest / 60 agents / seed 3141
[baseline 59/100] rhcr_pbs / warehouse_single_dock / closest / 60 agents / seed 9999
[baseline 60/100] rhcr_pbs / warehouse_single_dock / closest / 60 agents / seed 456
[baseline 61/100] rhcr_pbs / warehouse_single_dock / closest / 60 agents / seed 1024
[baseline 62/100] rhcr_pbs / warehouse_single_dock / closest / 60 agents / seed 44
[baseline 63/100] rhcr_pbs / warehouse_single_dock / closest / 60 agents / seed 1337
[baseline 64/100] rhcr_pbs / warehouse_single_dock / closest / 60 agents / seed 1337
[baseline 65/100] rhcr_pbs / warehouse_single_dock / closest / 60 agents / seed 33
[baseline 66/100] rhcr_pbs / warehouse_single_dock / closest / 60 agents / seed 303
[baseline 67/100] rhcr_pbs / warehouse_single_dock / closest / 60 agents / seed 202
[baseline 68/100] rhcr_pbs / warehouse_single_dock / closest / 60 agents / seed 303
[baseline 69/100] rhcr_pbs / warehouse_single_dock / closest / 60 agents / seed 202
[baseline 70/100] rhcr_pbs / warehouse_single_dock / closest / 60 agents / seed 202
[baseline 71/100] rhcr_pbs / warehouse_single_dock / closest / 60 agents / seed 789
[baseline 72/100] rhcr_pbs / warehouse_single_dock / closest / 60 agents / seed 9999
[baseline 73/100] rhcr_pbs / warehouse_single_dock / closest / 60 agents / seed 404
[baseline 74/100] rhcr_pbs / warehouse_single_dock / closest / 60 agents / seed 303
[baseline 75/100] rhcr_pbs / warehouse_single_dock / closest / 60 agents / seed 202
[baseline 76/100] rhcr_pbs / warehouse_single_dock / closest / 60 agents / seed 404
[baseline 77/100] rhcr_pbs / warehouse_single_dock / closest / 60 agents / seed 202
[baseline 78/100] rhcr_pbs / warehouse_single_dock / closest / 60 agents / seed 123
[baseline 79/100] rhcr_pbs / warehouse_single_dock / closest / 60 agents / seed 44
[baseline 80/100] rhcr_pbs / warehouse_single_dock / closest / 60 agents / seed 55
[baseline 81/100] rhcr_pbs / warehouse_single_dock / closest / 60 agents / seed 55
[baseline 82/100] rhcr_pbs / warehouse_single_dock / closest / 60 agents / seed 404
[baseline 83/100] rhcr_pbs / warehouse_single_dock / closest / 60 agents / seed 55
[baseline 84/100] rhcr_pbs / warehouse_single_dock / closest / 60 agents / seed 22
[baseline 85/100] rhcr_pbs / warehouse_single_dock / closest / 60 agents / seed 789
[baseline 86/100] rhcr_pbs / warehouse_single_dock / closest / 60 agents / seed 789
[baseline 87/100] rhcr_pbs / warehouse_single_dock / closest / 60 agents / seed 404
[baseline 88/100] rhcr_pbs / warehouse_single_dock / closest / 60 agents / seed 404
[baseline 89/100] rhcr_pbs / warehouse_single_dock / closest / 60 agents / seed 44
[baseline 90/100] rhcr_pbs / warehouse_single_dock / closest / 60 agents / seed 303
[baseline 91/100] rhcr_pbs / warehouse_single_dock / closest / 60 agents / seed 44
[baseline 92/100] rhcr_pbs / warehouse_single_dock / closest / 60 agents / seed 44
[baseline 93/100] rhcr_pbs / warehouse_single_dock / closest / 60 agents / seed 55
[baseline 94/100] rhcr_pbs / warehouse_single_dock / closest / 60 agents / seed 55
[baseline 95/100] rhcr_pbs / warehouse_single_dock / closest / 60 agents / seed 303
[baseline 96/100] rhcr_pbs / warehouse_single_dock / closest / 60 agents / seed 505
[baseline 97/100] rhcr_pbs / warehouse_single_dock / closest / 60 agents / seed 505
[baseline 98/100] rhcr_pbs / warehouse_single_dock / closest / 60 agents / seed 505
[baseline 99/100] rhcr_pbs / warehouse_single_dock / closest / 60 agents / seed 505
[baseline 100/100] rhcr_pbs / warehouse_single_dock / closest / 60 agents / seed 505
[7/200] rhcr_pbs / warehouse_single_dock / intermittent_80s80m15r / 60 agents / seed 42
[4/200] rhcr_pbs / warehouse_single_dock / zone_50t / 60 agents / seed 44
[12/200] rhcr_pbs / warehouse_single_dock / intermittent_80s80m15r / 60 agents / seed 2048
[1/200] rhcr_pbs / warehouse_single_dock / zone_50t / 60 agents / seed 33
[13/200] rhcr_pbs / warehouse_single_dock / zone_50t / 60 agents / seed 55
[5/200] rhcr_pbs / warehouse_single_dock / intermittent_80s80m15r / 60 agents / seed 101
[3/200] rhcr_pbs / warehouse_single_dock / intermittent_80s80m15r / 60 agents / seed 11
[9/200] rhcr_pbs / warehouse_single_dock / zone_50t / 60 agents / seed 456
[10/200] rhcr_pbs / warehouse_single_dock / zone_50t / 60 agents / seed 42
[11/200] rhcr_pbs / warehouse_single_dock / zone_50t / 60 agents / seed 2048
[6/200] rhcr_pbs / warehouse_single_dock / zone_50t / 60 agents / seed 101
[8/200] rhcr_pbs / warehouse_single_dock / zone_50t / 60 agents / seed 11
[2/200] rhcr_pbs / warehouse_single_dock / zone_50t / 60 agents / seed 22
[14/200] rhcr_pbs / warehouse_single_dock / zone_50t / 60 agents / seed 456
[15/200] rhcr_pbs / warehouse_single_dock / zone_50t / 60 agents / seed 33
[16/200] rhcr_pbs / warehouse_single_dock / zone_50t / 60 agents / seed 55
[17/200] rhcr_pbs / warehouse_single_dock / zone_50t / 60 agents / seed 55
[18/200] rhcr_pbs / warehouse_single_dock / zone_50t / 60 agents / seed 22
[19/200] rhcr_pbs / warehouse_single_dock / zone_50t / 60 agents / seed 22
[20/200] rhcr_pbs / warehouse_single_dock / zone_50t / 60 agents / seed 33
[21/200] rhcr_pbs / warehouse_single_dock / zone_50t / 60 agents / seed 44
[22/200] rhcr_pbs / warehouse_single_dock / zone_50t / 60 agents / seed 456
[23/200] rhcr_pbs / warehouse_single_dock / zone_50t / 60 agents / seed 55
[24/200] rhcr_pbs / warehouse_single_dock / zone_50t / 60 agents / seed 22
[25/200] rhcr_pbs / warehouse_single_dock / zone_50t / 60 agents / seed 2048
[26/200] rhcr_pbs / warehouse_single_dock / zone_50t / 60 agents / seed 2048
[27/200] rhcr_pbs / warehouse_single_dock / zone_50t / 60 agents / seed 2048
[28/200] rhcr_pbs / warehouse_single_dock / zone_50t / 60 agents / seed 101
[29/200] rhcr_pbs / warehouse_single_dock / zone_50t / 60 agents / seed 101
[30/200] rhcr_pbs / warehouse_single_dock / zone_50t / 60 agents / seed 101
[31/200] rhcr_pbs / warehouse_single_dock / zone_50t / 60 agents / seed 42
[32/200] rhcr_pbs / warehouse_single_dock / zone_50t / 60 agents / seed 42
[33/200] rhcr_pbs / warehouse_single_dock / zone_50t / 60 agents / seed 42
[34/200] rhcr_pbs / warehouse_single_dock / intermittent_80s80m15r / 60 agents / seed 101
[35/200] rhcr_pbs / warehouse_single_dock / intermittent_80s80m15r / 60 agents / seed 101
[36/200] rhcr_pbs / warehouse_single_dock / intermittent_80s80m15r / 60 agents / seed 101
[37/200] rhcr_pbs / warehouse_single_dock / zone_50t / 60 agents / seed 42
[38/200] rhcr_pbs / warehouse_single_dock / intermittent_80s80m15r / 60 agents / seed 11
[39/200] rhcr_pbs / warehouse_single_dock / intermittent_80s80m15r / 60 agents / seed 11
[40/200] rhcr_pbs / warehouse_single_dock / intermittent_80s80m15r / 60 agents / seed 11
[41/200] rhcr_pbs / warehouse_single_dock / intermittent_80s80m15r / 60 agents / seed 42
[42/200] rhcr_pbs / warehouse_single_dock / intermittent_80s80m15r / 60 agents / seed 42
[43/200] rhcr_pbs / warehouse_single_dock / intermittent_80s80m15r / 60 agents / seed 42
[44/200] rhcr_pbs / warehouse_single_dock / zone_50t / 60 agents / seed 11
[45/200] rhcr_pbs / warehouse_single_dock / zone_50t / 60 agents / seed 101
[46/200] rhcr_pbs / warehouse_single_dock / zone_50t / 60 agents / seed 11
[47/200] rhcr_pbs / warehouse_single_dock / zone_50t / 60 agents / seed 2048
[48/200] rhcr_pbs / warehouse_single_dock / zone_50t / 60 agents / seed 11
[49/200] rhcr_pbs / warehouse_single_dock / intermittent_80s80m15r / 60 agents / seed 42
[50/200] rhcr_pbs / warehouse_single_dock / intermittent_80s80m15r / 60 agents / seed 101
[51/200] rhcr_pbs / warehouse_single_dock / zone_50t / 60 agents / seed 11
[52/200] rhcr_pbs / warehouse_single_dock / intermittent_80s80m15r / 60 agents / seed 2048
[53/200] rhcr_pbs / warehouse_single_dock / intermittent_80s80m15r / 60 agents / seed 2048
[54/200] rhcr_pbs / warehouse_single_dock / intermittent_80s80m15r / 60 agents / seed 2048
[55/200] rhcr_pbs / warehouse_single_dock / intermittent_80s80m15r / 60 agents / seed 11
[56/200] rhcr_pbs / warehouse_single_dock / intermittent_80s80m15r / 60 agents / seed 2048
[57/200] rhcr_pbs / warehouse_single_dock / zone_50t / 60 agents / seed 3141
[58/200] rhcr_pbs / warehouse_single_dock / zone_50t / 60 agents / seed 33
[59/200] rhcr_pbs / warehouse_single_dock / intermittent_80s80m15r / 60 agents / seed 22
[60/200] rhcr_pbs / warehouse_single_dock / zone_50t / 60 agents / seed 44
[61/200] rhcr_pbs / warehouse_single_dock / intermittent_80s80m15r / 60 agents / seed 22
[62/200] rhcr_pbs / warehouse_single_dock / intermittent_80s80m15r / 60 agents / seed 22
[63/200] rhcr_pbs / warehouse_single_dock / intermittent_80s80m15r / 60 agents / seed 22
[64/200] rhcr_pbs / warehouse_single_dock / zone_50t / 60 agents / seed 789
[65/200] rhcr_pbs / warehouse_single_dock / zone_50t / 60 agents / seed 55
[66/200] rhcr_pbs / warehouse_single_dock / zone_50t / 60 agents / seed 3141
[67/200] rhcr_pbs / warehouse_single_dock / zone_50t / 60 agents / seed 3141
[68/200] rhcr_pbs / warehouse_single_dock / zone_50t / 60 agents / seed 3141
[69/200] rhcr_pbs / warehouse_single_dock / intermittent_80s80m15r / 60 agents / seed 22
[70/200] rhcr_pbs / warehouse_single_dock / intermittent_80s80m15r / 60 agents / seed 3141
[71/200] rhcr_pbs / warehouse_single_dock / zone_50t / 60 agents / seed 33
[72/200] rhcr_pbs / warehouse_single_dock / intermittent_80s80m15r / 60 agents / seed 33
[73/200] rhcr_pbs / warehouse_single_dock / intermittent_80s80m15r / 60 agents / seed 33
[74/200] rhcr_pbs / warehouse_single_dock / zone_50t / 60 agents / seed 202
[75/200] rhcr_pbs / warehouse_single_dock / intermittent_80s80m15r / 60 agents / seed 202
[76/200] rhcr_pbs / warehouse_single_dock / zone_50t / 60 agents / seed 789
[77/200] rhcr_pbs / warehouse_single_dock / zone_50t / 60 agents / seed 789
[78/200] rhcr_pbs / warehouse_single_dock / zone_50t / 60 agents / seed 789
[79/200] rhcr_pbs / warehouse_single_dock / intermittent_80s80m15r / 60 agents / seed 33
[80/200] rhcr_pbs / warehouse_single_dock / zone_50t / 60 agents / seed 3141
[81/200] rhcr_pbs / warehouse_single_dock / intermittent_80s80m15r / 60 agents / seed 33
[82/200] rhcr_pbs / warehouse_single_dock / intermittent_80s80m15r / 60 agents / seed 123
[83/200] rhcr_pbs / warehouse_single_dock / zone_50t / 60 agents / seed 44
[84/200] rhcr_pbs / warehouse_single_dock / zone_50t / 60 agents / seed 44
[85/200] rhcr_pbs / warehouse_single_dock / intermittent_80s80m15r / 60 agents / seed 456
[86/200] rhcr_pbs / warehouse_single_dock / intermittent_80s80m15r / 60 agents / seed 456
[87/200] rhcr_pbs / warehouse_single_dock / zone_50t / 60 agents / seed 9999
[88/200] rhcr_pbs / warehouse_single_dock / zone_50t / 60 agents / seed 9999
[89/200] rhcr_pbs / warehouse_single_dock / intermittent_80s80m15r / 60 agents / seed 3141
[90/200] rhcr_pbs / warehouse_single_dock / intermittent_80s80m15r / 60 agents / seed 3141
[91/200] rhcr_pbs / warehouse_single_dock / intermittent_80s80m15r / 60 agents / seed 3141
[92/200] rhcr_pbs / warehouse_single_dock / zone_50t / 60 agents / seed 789
[93/200] rhcr_pbs / warehouse_single_dock / zone_50t / 60 agents / seed 123
[94/200] rhcr_pbs / warehouse_single_dock / intermittent_80s80m15r / 60 agents / seed 123
[95/200] rhcr_pbs / warehouse_single_dock / intermittent_80s80m15r / 60 agents / seed 123
[96/200] rhcr_pbs / warehouse_single_dock / zone_50t / 60 agents / seed 22
[97/200] rhcr_pbs / warehouse_single_dock / intermittent_80s80m15r / 60 agents / seed 123
[98/200] rhcr_pbs / warehouse_single_dock / zone_50t / 60 agents / seed 9999
[99/200] rhcr_pbs / warehouse_single_dock / intermittent_80s80m15r / 60 agents / seed 456
[100/200] rhcr_pbs / warehouse_single_dock / intermittent_80s80m15r / 60 agents / seed 202
[101/200] rhcr_pbs / warehouse_single_dock / intermittent_80s80m15r / 60 agents / seed 202
[102/200] rhcr_pbs / warehouse_single_dock / intermittent_80s80m15r / 60 agents / seed 202
[103/200] rhcr_pbs / warehouse_single_dock / intermittent_80s80m15r / 60 agents / seed 123
[104/200] rhcr_pbs / warehouse_single_dock / zone_50t / 60 agents / seed 202
[105/200] rhcr_pbs / warehouse_single_dock / zone_50t / 60 agents / seed 202
[106/200] rhcr_pbs / warehouse_single_dock / zone_50t / 60 agents / seed 202
[107/200] rhcr_pbs / warehouse_single_dock / intermittent_80s80m15r / 60 agents / seed 3141
[108/200] rhcr_pbs / warehouse_single_dock / intermittent_80s80m15r / 60 agents / seed 33
[109/200] rhcr_pbs / warehouse_single_dock / zone_50t / 60 agents / seed 9999
[110/200] rhcr_pbs / warehouse_single_dock / intermittent_80s80m15r / 60 agents / seed 9999
[111/200] rhcr_pbs / warehouse_single_dock / intermittent_80s80m15r / 60 agents / seed 9999
[112/200] rhcr_pbs / warehouse_single_dock / intermittent_80s80m15r / 60 agents / seed 202
[113/200] rhcr_pbs / warehouse_single_dock / zone_50t / 60 agents / seed 202
[114/200] rhcr_pbs / warehouse_single_dock / zone_50t / 60 agents / seed 9999
[115/200] rhcr_pbs / warehouse_single_dock / intermittent_80s80m15r / 60 agents / seed 1337
[116/200] rhcr_pbs / warehouse_single_dock / zone_50t / 60 agents / seed 123
[117/200] rhcr_pbs / warehouse_single_dock / zone_50t / 60 agents / seed 123
[118/200] rhcr_pbs / warehouse_single_dock / zone_50t / 60 agents / seed 123
[119/200] rhcr_pbs / warehouse_single_dock / zone_50t / 60 agents / seed 123
[120/200] rhcr_pbs / warehouse_single_dock / intermittent_80s80m15r / 60 agents / seed 1337
[121/200] rhcr_pbs / warehouse_single_dock / intermittent_80s80m15r / 60 agents / seed 7777
[122/200] rhcr_pbs / warehouse_single_dock / intermittent_80s80m15r / 60 agents / seed 7777
[123/200] rhcr_pbs / warehouse_single_dock / intermittent_80s80m15r / 60 agents / seed 7777
[124/200] rhcr_pbs / warehouse_single_dock / intermittent_80s80m15r / 60 agents / seed 9999
[125/200] rhcr_pbs / warehouse_single_dock / intermittent_80s80m15r / 60 agents / seed 7777
[126/200] rhcr_pbs / warehouse_single_dock / intermittent_80s80m15r / 60 agents / seed 9999
[127/200] rhcr_pbs / warehouse_single_dock / intermittent_80s80m15r / 60 agents / seed 456
[128/200] rhcr_pbs / warehouse_single_dock / intermittent_80s80m15r / 60 agents / seed 789
[129/200] rhcr_pbs / warehouse_single_dock / intermittent_80s80m15r / 60 agents / seed 44
[130/200] rhcr_pbs / warehouse_single_dock / intermittent_80s80m15r / 60 agents / seed 7777
[131/200] rhcr_pbs / warehouse_single_dock / zone_50t / 60 agents / seed 1024
[132/200] rhcr_pbs / warehouse_single_dock / zone_50t / 60 agents / seed 1024
[133/200] rhcr_pbs / warehouse_single_dock / zone_50t / 60 agents / seed 1024
[134/200] rhcr_pbs / warehouse_single_dock / zone_50t / 60 agents / seed 1024
[135/200] rhcr_pbs / warehouse_single_dock / zone_50t / 60 agents / seed 1024
[136/200] rhcr_pbs / warehouse_single_dock / zone_50t / 60 agents / seed 303
[137/200] rhcr_pbs / warehouse_single_dock / intermittent_80s80m15r / 60 agents / seed 9999
[138/200] rhcr_pbs / warehouse_single_dock / zone_50t / 60 agents / seed 1337
[139/200] rhcr_pbs / warehouse_single_dock / intermittent_80s80m15r / 60 agents / seed 456
[140/200] rhcr_pbs / warehouse_single_dock / zone_50t / 60 agents / seed 1337
[141/200] rhcr_pbs / warehouse_single_dock / zone_50t / 60 agents / seed 7777
[142/200] rhcr_pbs / warehouse_single_dock / zone_50t / 60 agents / seed 7777
[143/200] rhcr_pbs / warehouse_single_dock / zone_50t / 60 agents / seed 7777
[144/200] rhcr_pbs / warehouse_single_dock / intermittent_80s80m15r / 60 agents / seed 789
[145/200] rhcr_pbs / warehouse_single_dock / zone_50t / 60 agents / seed 1337
[146/200] rhcr_pbs / warehouse_single_dock / intermittent_80s80m15r / 60 agents / seed 789
[147/200] rhcr_pbs / warehouse_single_dock / intermittent_80s80m15r / 60 agents / seed 789
[148/200] rhcr_pbs / warehouse_single_dock / intermittent_80s80m15r / 60 agents / seed 303
[149/200] rhcr_pbs / warehouse_single_dock / intermittent_80s80m15r / 60 agents / seed 303
[150/200] rhcr_pbs / warehouse_single_dock / intermittent_80s80m15r / 60 agents / seed 44
[151/200] rhcr_pbs / warehouse_single_dock / intermittent_80s80m15r / 60 agents / seed 44
[152/200] rhcr_pbs / warehouse_single_dock / intermittent_80s80m15r / 60 agents / seed 44
[153/200] rhcr_pbs / warehouse_single_dock / zone_50t / 60 agents / seed 7777
[154/200] rhcr_pbs / warehouse_single_dock / zone_50t / 60 agents / seed 456
[155/200] rhcr_pbs / warehouse_single_dock / intermittent_80s80m15r / 60 agents / seed 404
[156/200] rhcr_pbs / warehouse_single_dock / zone_50t / 60 agents / seed 7777
[157/200] rhcr_pbs / warehouse_single_dock / intermittent_80s80m15r / 60 agents / seed 303
[158/200] rhcr_pbs / warehouse_single_dock / intermittent_80s80m15r / 60 agents / seed 789
[159/200] rhcr_pbs / warehouse_single_dock / intermittent_80s80m15r / 60 agents / seed 303
[160/200] rhcr_pbs / warehouse_single_dock / intermittent_80s80m15r / 60 agents / seed 1337
[161/200] rhcr_pbs / warehouse_single_dock / intermittent_80s80m15r / 60 agents / seed 44
[162/200] rhcr_pbs / warehouse_single_dock / zone_50t / 60 agents / seed 303
[163/200] rhcr_pbs / warehouse_single_dock / zone_50t / 60 agents / seed 303
[164/200] rhcr_pbs / warehouse_single_dock / zone_50t / 60 agents / seed 303
[165/200] rhcr_pbs / warehouse_single_dock / intermittent_80s80m15r / 60 agents / seed 505
[166/200] rhcr_pbs / warehouse_single_dock / intermittent_80s80m15r / 60 agents / seed 505
[167/200] rhcr_pbs / warehouse_single_dock / intermittent_80s80m15r / 60 agents / seed 505
[168/200] rhcr_pbs / warehouse_single_dock / zone_50t / 60 agents / seed 456
[169/200] rhcr_pbs / warehouse_single_dock / intermittent_80s80m15r / 60 agents / seed 1337
[170/200] rhcr_pbs / warehouse_single_dock / intermittent_80s80m15r / 60 agents / seed 1337
[171/200] rhcr_pbs / warehouse_single_dock / intermittent_80s80m15r / 60 agents / seed 1024
[172/200] rhcr_pbs / warehouse_single_dock / intermittent_80s80m15r / 60 agents / seed 1024
[173/200] rhcr_pbs / warehouse_single_dock / intermittent_80s80m15r / 60 agents / seed 1024
[174/200] rhcr_pbs / warehouse_single_dock / intermittent_80s80m15r / 60 agents / seed 404
[175/200] rhcr_pbs / warehouse_single_dock / intermittent_80s80m15r / 60 agents / seed 505
[176/200] rhcr_pbs / warehouse_single_dock / intermittent_80s80m15r / 60 agents / seed 1024
[177/200] rhcr_pbs / warehouse_single_dock / zone_50t / 60 agents / seed 1337
[178/200] rhcr_pbs / warehouse_single_dock / zone_50t / 60 agents / seed 1337
[179/200] rhcr_pbs / warehouse_single_dock / zone_50t / 60 agents / seed 404
[180/200] rhcr_pbs / warehouse_single_dock / zone_50t / 60 agents / seed 303
[181/200] rhcr_pbs / warehouse_single_dock / intermittent_80s80m15r / 60 agents / seed 505
[182/200] rhcr_pbs / warehouse_single_dock / zone_50t / 60 agents / seed 404
[183/200] rhcr_pbs / warehouse_single_dock / intermittent_80s80m15r / 60 agents / seed 303
[184/200] rhcr_pbs / warehouse_single_dock / zone_50t / 60 agents / seed 404
[185/200] rhcr_pbs / warehouse_single_dock / intermittent_80s80m15r / 60 agents / seed 404
[186/200] rhcr_pbs / warehouse_single_dock / intermittent_80s80m15r / 60 agents / seed 55
[187/200] rhcr_pbs / warehouse_single_dock / intermittent_80s80m15r / 60 agents / seed 55
[188/200] rhcr_pbs / warehouse_single_dock / intermittent_80s80m15r / 60 agents / seed 55
[189/200] rhcr_pbs / warehouse_single_dock / zone_50t / 60 agents / seed 404
[190/200] rhcr_pbs / warehouse_single_dock / zone_50t / 60 agents / seed 404
[191/200] rhcr_pbs / warehouse_single_dock / intermittent_80s80m15r / 60 agents / seed 55
[192/200] rhcr_pbs / warehouse_single_dock / intermittent_80s80m15r / 60 agents / seed 55
[193/200] rhcr_pbs / warehouse_single_dock / intermittent_80s80m15r / 60 agents / seed 404
[194/200] rhcr_pbs / warehouse_single_dock / intermittent_80s80m15r / 60 agents / seed 404
[195/200] rhcr_pbs / warehouse_single_dock / intermittent_80s80m15r / 60 agents / seed 1024
[196/200] rhcr_pbs / warehouse_single_dock / zone_50t / 60 agents / seed 505
[197/200] rhcr_pbs / warehouse_single_dock / zone_50t / 60 agents / seed 505
[198/200] rhcr_pbs / warehouse_single_dock / zone_50t / 60 agents / seed 505
[199/200] rhcr_pbs / warehouse_single_dock / zone_50t / 60 agents / seed 505
[200/200] rhcr_pbs / warehouse_single_dock / zone_50t / 60 agents / seed 505
  done in 7673s (0.03 runs/s)
  wrote results/aisle_width/rhcr_braess_observatory_proof/proof_w1_n60_runs.csv, results/aisle_width/rhcr_braess_observatory_proof/proof_w1_n60_summary.csv

--- proof_w2_n108: 200 runs ---
Experiment: 200 configs, 100 unique baselines (100 cached), 13 threads
[baseline 1/100] rhcr_pbs / warehouse_single_dock_w2 / closest / 108 agents / seed 2048
[baseline 4/100] rhcr_pbs / warehouse_single_dock_w2 / closest / 108 agents / seed 1337
[baseline 3/100] rhcr_pbs / warehouse_single_dock_w2 / closest / 108 agents / seed 42
[baseline 5/100] rhcr_pbs / warehouse_single_dock_w2 / closest / 108 agents / seed 3141
[baseline 7/100] rhcr_pbs / warehouse_single_dock_w2 / closest / 108 agents / seed 2048
[baseline 6/100] rhcr_pbs / warehouse_single_dock_w2 / closest / 108 agents / seed 9999
[baseline 8/100] rhcr_pbs / warehouse_single_dock_w2 / closest / 108 agents / seed 11
[baseline 9/100] rhcr_pbs / warehouse_single_dock_w2 / closest / 108 agents / seed 3141
[baseline 10/100] rhcr_pbs / warehouse_single_dock_w2 / closest / 108 agents / seed 1337
[baseline 11/100] rhcr_pbs / warehouse_single_dock_w2 / closest / 108 agents / seed 456
[baseline 2/100] rhcr_pbs / warehouse_single_dock_w2 / closest / 108 agents / seed 2048
[baseline 12/100] rhcr_pbs / warehouse_single_dock_w2 / closest / 108 agents / seed 9999
[baseline 13/100] rhcr_pbs / warehouse_single_dock_w2 / closest / 108 agents / seed 7777
[baseline 14/100] rhcr_pbs / warehouse_single_dock_w2 / closest / 108 agents / seed 7777
[baseline 15/100] rhcr_pbs / warehouse_single_dock_w2 / closest / 108 agents / seed 3141
[baseline 16/100] rhcr_pbs / warehouse_single_dock_w2 / closest / 108 agents / seed 1337
[baseline 17/100] rhcr_pbs / warehouse_single_dock_w2 / closest / 108 agents / seed 456
[baseline 18/100] rhcr_pbs / warehouse_single_dock_w2 / closest / 108 agents / seed 3141
[baseline 19/100] rhcr_pbs / warehouse_single_dock_w2 / closest / 108 agents / seed 1337
[baseline 20/100] rhcr_pbs / warehouse_single_dock_w2 / closest / 108 agents / seed 1337
[baseline 21/100] rhcr_pbs / warehouse_single_dock_w2 / closest / 108 agents / seed 456
[baseline 22/100] rhcr_pbs / warehouse_single_dock_w2 / closest / 108 agents / seed 7777
[baseline 23/100] rhcr_pbs / warehouse_single_dock_w2 / closest / 108 agents / seed 9999
[baseline 24/100] rhcr_pbs / warehouse_single_dock_w2 / closest / 108 agents / seed 123
[baseline 25/100] rhcr_pbs / warehouse_single_dock_w2 / closest / 108 agents / seed 123
[baseline 26/100] rhcr_pbs / warehouse_single_dock_w2 / closest / 108 agents / seed 2048
[baseline 27/100] rhcr_pbs / warehouse_single_dock_w2 / closest / 108 agents / seed 2048
[baseline 28/100] rhcr_pbs / warehouse_single_dock_w2 / closest / 108 agents / seed 123
[baseline 29/100] rhcr_pbs / warehouse_single_dock_w2 / closest / 108 agents / seed 3141
[baseline 30/100] rhcr_pbs / warehouse_single_dock_w2 / closest / 108 agents / seed 789
[baseline 31/100] rhcr_pbs / warehouse_single_dock_w2 / closest / 108 agents / seed 7777
[baseline 32/100] rhcr_pbs / warehouse_single_dock_w2 / closest / 108 agents / seed 789
[baseline 33/100] rhcr_pbs / warehouse_single_dock_w2 / closest / 108 agents / seed 42
[baseline 34/100] rhcr_pbs / warehouse_single_dock_w2 / closest / 108 agents / seed 42
[baseline 35/100] rhcr_pbs / warehouse_single_dock_w2 / closest / 108 agents / seed 11
[baseline 36/100] rhcr_pbs / warehouse_single_dock_w2 / closest / 108 agents / seed 11
[baseline 37/100] rhcr_pbs / warehouse_single_dock_w2 / closest / 108 agents / seed 123
[baseline 38/100] rhcr_pbs / warehouse_single_dock_w2 / closest / 108 agents / seed 456
[baseline 39/100] rhcr_pbs / warehouse_single_dock_w2 / closest / 108 agents / seed 42
[baseline 40/100] rhcr_pbs / warehouse_single_dock_w2 / closest / 108 agents / seed 789
[baseline 41/100] rhcr_pbs / warehouse_single_dock_w2 / closest / 108 agents / seed 7777
[baseline 42/100] rhcr_pbs / warehouse_single_dock_w2 / closest / 108 agents / seed 11
[baseline 43/100] rhcr_pbs / warehouse_single_dock_w2 / closest / 108 agents / seed 11
[baseline 44/100] rhcr_pbs / warehouse_single_dock_w2 / closest / 108 agents / seed 42
[baseline 45/100] rhcr_pbs / warehouse_single_dock_w2 / closest / 108 agents / seed 456
[baseline 46/100] rhcr_pbs / warehouse_single_dock_w2 / closest / 108 agents / seed 789
[baseline 47/100] rhcr_pbs / warehouse_single_dock_w2 / closest / 108 agents / seed 101
[baseline 48/100] rhcr_pbs / warehouse_single_dock_w2 / closest / 108 agents / seed 789
[baseline 49/100] rhcr_pbs / warehouse_single_dock_w2 / closest / 108 agents / seed 33
[baseline 50/100] rhcr_pbs / warehouse_single_dock_w2 / closest / 108 agents / seed 33
[baseline 51/100] rhcr_pbs / warehouse_single_dock_w2 / closest / 108 agents / seed 303
[baseline 52/100] rhcr_pbs / warehouse_single_dock_w2 / closest / 108 agents / seed 9999
[baseline 53/100] rhcr_pbs / warehouse_single_dock_w2 / closest / 108 agents / seed 303
[baseline 54/100] rhcr_pbs / warehouse_single_dock_w2 / closest / 108 agents / seed 303
[baseline 55/100] rhcr_pbs / warehouse_single_dock_w2 / closest / 108 agents / seed 33
[baseline 56/100] rhcr_pbs / warehouse_single_dock_w2 / closest / 108 agents / seed 101
[baseline 57/100] rhcr_pbs / warehouse_single_dock_w2 / closest / 108 agents / seed 101
[baseline 58/100] rhcr_pbs / warehouse_single_dock_w2 / closest / 108 agents / seed 101
[baseline 59/100] rhcr_pbs / warehouse_single_dock_w2 / closest / 108 agents / seed 404
[baseline 60/100] rhcr_pbs / warehouse_single_dock_w2 / closest / 108 agents / seed 44
[baseline 61/100] rhcr_pbs / warehouse_single_dock_w2 / closest / 108 agents / seed 9999
[baseline 62/100] rhcr_pbs / warehouse_single_dock_w2 / closest / 108 agents / seed 202
[baseline 63/100] rhcr_pbs / warehouse_single_dock_w2 / closest / 108 agents / seed 202
[baseline 64/100] rhcr_pbs / warehouse_single_dock_w2 / closest / 108 agents / seed 101
[baseline 65/100] rhcr_pbs / warehouse_single_dock_w2 / closest / 108 agents / seed 202
[baseline 66/100] rhcr_pbs / warehouse_single_dock_w2 / closest / 108 agents / seed 202
[baseline 67/100] rhcr_pbs / warehouse_single_dock_w2 / closest / 108 agents / seed 404
[baseline 68/100] rhcr_pbs / warehouse_single_dock_w2 / closest / 108 agents / seed 44
[baseline 69/100] rhcr_pbs / warehouse_single_dock_w2 / closest / 108 agents / seed 1024
[baseline 70/100] rhcr_pbs / warehouse_single_dock_w2 / closest / 108 agents / seed 404
[baseline 71/100] rhcr_pbs / warehouse_single_dock_w2 / closest / 108 agents / seed 202
[baseline 72/100] rhcr_pbs / warehouse_single_dock_w2 / closest / 108 agents / seed 505
[baseline 73/100] rhcr_pbs / warehouse_single_dock_w2 / closest / 108 agents / seed 505
[baseline 74/100] rhcr_pbs / warehouse_single_dock_w2 / closest / 108 agents / seed 505
[baseline 75/100] rhcr_pbs / warehouse_single_dock_w2 / closest / 108 agents / seed 505
[baseline 76/100] rhcr_pbs / warehouse_single_dock_w2 / closest / 108 agents / seed 22
[baseline 77/100] rhcr_pbs / warehouse_single_dock_w2 / closest / 108 agents / seed 55
[baseline 78/100] rhcr_pbs / warehouse_single_dock_w2 / closest / 108 agents / seed 22
[baseline 79/100] rhcr_pbs / warehouse_single_dock_w2 / closest / 108 agents / seed 22
[baseline 80/100] rhcr_pbs / warehouse_single_dock_w2 / closest / 108 agents / seed 22
[baseline 81/100] rhcr_pbs / warehouse_single_dock_w2 / closest / 108 agents / seed 505
[baseline 82/100] rhcr_pbs / warehouse_single_dock_w2 / closest / 108 agents / seed 44
[baseline 83/100] rhcr_pbs / warehouse_single_dock_w2 / closest / 108 agents / seed 22
[baseline 84/100] rhcr_pbs / warehouse_single_dock_w2 / closest / 108 agents / seed 123
[baseline 85/100] rhcr_pbs / warehouse_single_dock_w2 / closest / 108 agents / seed 1024
[baseline 86/100] rhcr_pbs / warehouse_single_dock_w2 / closest / 108 agents / seed 1024
[baseline 87/100] rhcr_pbs / warehouse_single_dock_w2 / closest / 108 agents / seed 1024
[baseline 88/100] rhcr_pbs / warehouse_single_dock_w2 / closest / 108 agents / seed 1024
[baseline 89/100] rhcr_pbs / warehouse_single_dock_w2 / closest / 108 agents / seed 404
[baseline 90/100] rhcr_pbs / warehouse_single_dock_w2 / closest / 108 agents / seed 404
[baseline 91/100] rhcr_pbs / warehouse_single_dock_w2 / closest / 108 agents / seed 44
[baseline 92/100] rhcr_pbs / warehouse_single_dock_w2 / closest / 108 agents / seed 303
[baseline 93/100] rhcr_pbs / warehouse_single_dock_w2 / closest / 108 agents / seed 44
[baseline 94/100] rhcr_pbs / warehouse_single_dock_w2 / closest / 108 agents / seed 55
[baseline 95/100] rhcr_pbs / warehouse_single_dock_w2 / closest / 108 agents / seed 55
[baseline 96/100] rhcr_pbs / warehouse_single_dock_w2 / closest / 108 agents / seed 55
[baseline 97/100] rhcr_pbs / warehouse_single_dock_w2 / closest / 108 agents / seed 33
[baseline 98/100] rhcr_pbs / warehouse_single_dock_w2 / closest / 108 agents / seed 55
[baseline 99/100] rhcr_pbs / warehouse_single_dock_w2 / closest / 108 agents / seed 303
[baseline 100/100] rhcr_pbs / warehouse_single_dock_w2 / closest / 108 agents / seed 33
[1/200] rhcr_pbs / warehouse_single_dock_w2 / zone_50t / 108 agents / seed 42
[2/200] rhcr_pbs / warehouse_single_dock_w2 / intermittent_80s80m15r / 108 agents / seed 42
[3/200] rhcr_pbs / warehouse_single_dock_w2 / zone_50t / 108 agents / seed 11
[4/200] rhcr_pbs / warehouse_single_dock_w2 / intermittent_80s80m15r / 108 agents / seed 11
[5/200] rhcr_pbs / warehouse_single_dock_w2 / intermittent_80s80m15r / 108 agents / seed 101
[6/200] rhcr_pbs / warehouse_single_dock_w2 / zone_50t / 108 agents / seed 2048
[7/200] rhcr_pbs / warehouse_single_dock_w2 / intermittent_80s80m15r / 108 agents / seed 33
[8/200] rhcr_pbs / warehouse_single_dock_w2 / zone_50t / 108 agents / seed 101
[9/200] rhcr_pbs / warehouse_single_dock_w2 / intermittent_80s80m15r / 108 agents / seed 303
[10/200] rhcr_pbs / warehouse_single_dock_w2 / zone_50t / 108 agents / seed 33
[11/200] rhcr_pbs / warehouse_single_dock_w2 / intermittent_80s80m15r / 108 agents / seed 22
[12/200] rhcr_pbs / warehouse_single_dock_w2 / intermittent_80s80m15r / 108 agents / seed 202
[13/200] rhcr_pbs / warehouse_single_dock_w2 / intermittent_80s80m15r / 108 agents / seed 202
[14/200] rhcr_pbs / warehouse_single_dock_w2 / intermittent_80s80m15r / 108 agents / seed 22
[15/200] rhcr_pbs / warehouse_single_dock_w2 / intermittent_80s80m15r / 108 agents / seed 202
[16/200] rhcr_pbs / warehouse_single_dock_w2 / zone_50t / 108 agents / seed 33
[17/200] rhcr_pbs / warehouse_single_dock_w2 / intermittent_80s80m15r / 108 agents / seed 202
[18/200] rhcr_pbs / warehouse_single_dock_w2 / intermittent_80s80m15r / 108 agents / seed 303
[19/200] rhcr_pbs / warehouse_single_dock_w2 / intermittent_80s80m15r / 108 agents / seed 33
[20/200] rhcr_pbs / warehouse_single_dock_w2 / intermittent_80s80m15r / 108 agents / seed 22
[21/200] rhcr_pbs / warehouse_single_dock_w2 / intermittent_80s80m15r / 108 agents / seed 303
[22/200] rhcr_pbs / warehouse_single_dock_w2 / zone_50t / 108 agents / seed 33
[23/200] rhcr_pbs / warehouse_single_dock_w2 / intermittent_80s80m15r / 108 agents / seed 2048
[24/200] rhcr_pbs / warehouse_single_dock_w2 / intermittent_80s80m15r / 108 agents / seed 33
[25/200] rhcr_pbs / warehouse_single_dock_w2 / intermittent_80s80m15r / 108 agents / seed 22
[26/200] rhcr_pbs / warehouse_single_dock_w2 / intermittent_80s80m15r / 108 agents / seed 42
[27/200] rhcr_pbs / warehouse_single_dock_w2 / intermittent_80s80m15r / 108 agents / seed 42
[28/200] rhcr_pbs / warehouse_single_dock_w2 / intermittent_80s80m15r / 108 agents / seed 101
[29/200] rhcr_pbs / warehouse_single_dock_w2 / intermittent_80s80m15r / 108 agents / seed 101
[30/200] rhcr_pbs / warehouse_single_dock_w2 / intermittent_80s80m15r / 108 agents / seed 11
[31/200] rhcr_pbs / warehouse_single_dock_w2 / intermittent_80s80m15r / 108 agents / seed 11
[32/200] rhcr_pbs / warehouse_single_dock_w2 / zone_50t / 108 agents / seed 42
[33/200] rhcr_pbs / warehouse_single_dock_w2 / intermittent_80s80m15r / 108 agents / seed 42
[34/200] rhcr_pbs / warehouse_single_dock_w2 / intermittent_80s80m15r / 108 agents / seed 404
[35/200] rhcr_pbs / warehouse_single_dock_w2 / zone_50t / 108 agents / seed 11
[36/200] rhcr_pbs / warehouse_single_dock_w2 / zone_50t / 108 agents / seed 42
[37/200] rhcr_pbs / warehouse_single_dock_w2 / zone_50t / 108 agents / seed 101
[38/200] rhcr_pbs / warehouse_single_dock_w2 / zone_50t / 108 agents / seed 11
[39/200] rhcr_pbs / warehouse_single_dock_w2 / intermittent_80s80m15r / 108 agents / seed 101
[40/200] rhcr_pbs / warehouse_single_dock_w2 / zone_50t / 108 agents / seed 101
[41/200] rhcr_pbs / warehouse_single_dock_w2 / zone_50t / 108 agents / seed 2048
[42/200] rhcr_pbs / warehouse_single_dock_w2 / zone_50t / 108 agents / seed 2048
[43/200] rhcr_pbs / warehouse_single_dock_w2 / zone_50t / 108 agents / seed 42
[44/200] rhcr_pbs / warehouse_single_dock_w2 / zone_50t / 108 agents / seed 101
[45/200] rhcr_pbs / warehouse_single_dock_w2 / intermittent_80s80m15r / 108 agents / seed 11
[46/200] rhcr_pbs / warehouse_single_dock_w2 / zone_50t / 108 agents / seed 11
[47/200] rhcr_pbs / warehouse_single_dock_w2 / zone_50t / 108 agents / seed 2048
[48/200] rhcr_pbs / warehouse_single_dock_w2 / intermittent_80s80m15r / 108 agents / seed 11
[49/200] rhcr_pbs / warehouse_single_dock_w2 / zone_50t / 108 agents / seed 11
[50/200] rhcr_pbs / warehouse_single_dock_w2 / intermittent_80s80m15r / 108 agents / seed 101
[51/200] rhcr_pbs / warehouse_single_dock_w2 / intermittent_80s80m15r / 108 agents / seed 2048
[52/200] rhcr_pbs / warehouse_single_dock_w2 / intermittent_80s80m15r / 108 agents / seed 2048
[53/200] rhcr_pbs / warehouse_single_dock_w2 / intermittent_80s80m15r / 108 agents / seed 42
[54/200] rhcr_pbs / warehouse_single_dock_w2 / zone_50t / 108 agents / seed 42
[55/200] rhcr_pbs / warehouse_single_dock_w2 / zone_50t / 108 agents / seed 101
[56/200] rhcr_pbs / warehouse_single_dock_w2 / intermittent_80s80m15r / 108 agents / seed 2048
[57/200] rhcr_pbs / warehouse_single_dock_w2 / zone_50t / 108 agents / seed 2048
[58/200] rhcr_pbs / warehouse_single_dock_w2 / intermittent_80s80m15r / 108 agents / seed 2048
[59/200] rhcr_pbs / warehouse_single_dock_w2 / zone_50t / 108 agents / seed 44
[60/200] rhcr_pbs / warehouse_single_dock_w2 / intermittent_80s80m15r / 108 agents / seed 404
[61/200] rhcr_pbs / warehouse_single_dock_w2 / intermittent_80s80m15r / 108 agents / seed 404
[62/200] rhcr_pbs / warehouse_single_dock_w2 / intermittent_80s80m15r / 108 agents / seed 404
[63/200] rhcr_pbs / warehouse_single_dock_w2 / zone_50t / 108 agents / seed 44
[64/200] rhcr_pbs / warehouse_single_dock_w2 / zone_50t / 108 agents / seed 44
[65/200] rhcr_pbs / warehouse_single_dock_w2 / zone_50t / 108 agents / seed 44
[66/200] rhcr_pbs / warehouse_single_dock_w2 / intermittent_80s80m15r / 108 agents / seed 404
[67/200] rhcr_pbs / warehouse_single_dock_w2 / intermittent_80s80m15r / 108 agents / seed 303
[68/200] rhcr_pbs / warehouse_single_dock_w2 / zone_50t / 108 agents / seed 44
[69/200] rhcr_pbs / warehouse_single_dock_w2 / intermittent_80s80m15r / 108 agents / seed 44
[70/200] rhcr_pbs / warehouse_single_dock_w2 / intermittent_80s80m15r / 108 agents / seed 33
[71/200] rhcr_pbs / warehouse_single_dock_w2 / intermittent_80s80m15r / 108 agents / seed 303
[72/200] rhcr_pbs / warehouse_single_dock_w2 / zone_50t / 108 agents / seed 456
[73/200] rhcr_pbs / warehouse_single_dock_w2 / intermittent_80s80m15r / 108 agents / seed 44
[74/200] rhcr_pbs / warehouse_single_dock_w2 / zone_50t / 108 agents / seed 456
[75/200] rhcr_pbs / warehouse_single_dock_w2 / zone_50t / 108 agents / seed 55
[76/200] rhcr_pbs / warehouse_single_dock_w2 / intermittent_80s80m15r / 108 agents / seed 44
[77/200] rhcr_pbs / warehouse_single_dock_w2 / zone_50t / 108 agents / seed 456
[78/200] rhcr_pbs / warehouse_single_dock_w2 / intermittent_80s80m15r / 108 agents / seed 44
[79/200] rhcr_pbs / warehouse_single_dock_w2 / intermittent_80s80m15r / 108 agents / seed 202
[80/200] rhcr_pbs / warehouse_single_dock_w2 / intermittent_80s80m15r / 108 agents / seed 33
[81/200] rhcr_pbs / warehouse_single_dock_w2 / zone_50t / 108 agents / seed 55
[82/200] rhcr_pbs / warehouse_single_dock_w2 / intermittent_80s80m15r / 108 agents / seed 44
[83/200] rhcr_pbs / warehouse_single_dock_w2 / zone_50t / 108 agents / seed 55
[84/200] rhcr_pbs / warehouse_single_dock_w2 / intermittent_80s80m15r / 108 agents / seed 22
[85/200] rhcr_pbs / warehouse_single_dock_w2 / intermittent_80s80m15r / 108 agents / seed 55
[86/200] rhcr_pbs / warehouse_single_dock_w2 / intermittent_80s80m15r / 108 agents / seed 55
[87/200] rhcr_pbs / warehouse_single_dock_w2 / zone_50t / 108 agents / seed 55
[88/200] rhcr_pbs / warehouse_single_dock_w2 / zone_50t / 108 agents / seed 55
[89/200] rhcr_pbs / warehouse_single_dock_w2 / intermittent_80s80m15r / 108 agents / seed 55
[90/200] rhcr_pbs / warehouse_single_dock_w2 / zone_50t / 108 agents / seed 202
[91/200] rhcr_pbs / warehouse_single_dock_w2 / zone_50t / 108 agents / seed 22
[92/200] rhcr_pbs / warehouse_single_dock_w2 / intermittent_80s80m15r / 108 agents / seed 55
[93/200] rhcr_pbs / warehouse_single_dock_w2 / zone_50t / 108 agents / seed 123
[94/200] rhcr_pbs / warehouse_single_dock_w2 / zone_50t / 108 agents / seed 22
[95/200] rhcr_pbs / warehouse_single_dock_w2 / zone_50t / 108 agents / seed 22
[96/200] rhcr_pbs / warehouse_single_dock_w2 / zone_50t / 108 agents / seed 303
[97/200] rhcr_pbs / warehouse_single_dock_w2 / zone_50t / 108 agents / seed 22
[98/200] rhcr_pbs / warehouse_single_dock_w2 / intermittent_80s80m15r / 108 agents / seed 123
[99/200] rhcr_pbs / warehouse_single_dock_w2 / intermittent_80s80m15r / 108 agents / seed 3141
[100/200] rhcr_pbs / warehouse_single_dock_w2 / zone_50t / 108 agents / seed 303
[101/200] rhcr_pbs / warehouse_single_dock_w2 / intermittent_80s80m15r / 108 agents / seed 9999
[102/200] rhcr_pbs / warehouse_single_dock_w2 / zone_50t / 108 agents / seed 3141
[103/200] rhcr_pbs / warehouse_single_dock_w2 / intermittent_80s80m15r / 108 agents / seed 505
[104/200] rhcr_pbs / warehouse_single_dock_w2 / zone_50t / 108 agents / seed 303
[105/200] rhcr_pbs / warehouse_single_dock_w2 / zone_50t / 108 agents / seed 22
[106/200] rhcr_pbs / warehouse_single_dock_w2 / intermittent_80s80m15r / 108 agents / seed 9999
[107/200] rhcr_pbs / warehouse_single_dock_w2 / zone_50t / 108 agents / seed 202
[108/200] rhcr_pbs / warehouse_single_dock_w2 / zone_50t / 108 agents / seed 202
[109/200] rhcr_pbs / warehouse_single_dock_w2 / zone_50t / 108 agents / seed 202
[110/200] rhcr_pbs / warehouse_single_dock_w2 / intermittent_80s80m15r / 108 agents / seed 9999
[111/200] rhcr_pbs / warehouse_single_dock_w2 / zone_50t / 108 agents / seed 123
[112/200] rhcr_pbs / warehouse_single_dock_w2 / zone_50t / 108 agents / seed 123
[113/200] rhcr_pbs / warehouse_single_dock_w2 / zone_50t / 108 agents / seed 123
[114/200] rhcr_pbs / warehouse_single_dock_w2 / intermittent_80s80m15r / 108 agents / seed 123
[115/200] rhcr_pbs / warehouse_single_dock_w2 / intermittent_80s80m15r / 108 agents / seed 123
[116/200] rhcr_pbs / warehouse_single_dock_w2 / zone_50t / 108 agents / seed 202
[117/200] rhcr_pbs / warehouse_single_dock_w2 / intermittent_80s80m15r / 108 agents / seed 3141
[118/200] rhcr_pbs / warehouse_single_dock_w2 / intermittent_80s80m15r / 108 agents / seed 3141
[119/200] rhcr_pbs / warehouse_single_dock_w2 / intermittent_80s80m15r / 108 agents / seed 123
[120/200] rhcr_pbs / warehouse_single_dock_w2 / zone_50t / 108 agents / seed 3141
[121/200] rhcr_pbs / warehouse_single_dock_w2 / intermittent_80s80m15r / 108 agents / seed 3141
[122/200] rhcr_pbs / warehouse_single_dock_w2 / zone_50t / 108 agents / seed 3141
[123/200] rhcr_pbs / warehouse_single_dock_w2 / intermittent_80s80m15r / 108 agents / seed 505
[124/200] rhcr_pbs / warehouse_single_dock_w2 / intermittent_80s80m15r / 108 agents / seed 55
[125/200] rhcr_pbs / warehouse_single_dock_w2 / zone_50t / 108 agents / seed 123
[126/200] rhcr_pbs / warehouse_single_dock_w2 / intermittent_80s80m15r / 108 agents / seed 505
[127/200] rhcr_pbs / warehouse_single_dock_w2 / zone_50t / 108 agents / seed 3141
[128/200] rhcr_pbs / warehouse_single_dock_w2 / zone_50t / 108 agents / seed 789
[129/200] rhcr_pbs / warehouse_single_dock_w2 / intermittent_80s80m15r / 108 agents / seed 505
[130/200] rhcr_pbs / warehouse_single_dock_w2 / intermittent_80s80m15r / 108 agents / seed 123
[131/200] rhcr_pbs / warehouse_single_dock_w2 / intermittent_80s80m15r / 108 agents / seed 3141
[132/200] rhcr_pbs / warehouse_single_dock_w2 / intermittent_80s80m15r / 108 agents / seed 505
[133/200] rhcr_pbs / warehouse_single_dock_w2 / zone_50t / 108 agents / seed 3141
[134/200] rhcr_pbs / warehouse_single_dock_w2 / zone_50t / 108 agents / seed 404
[135/200] rhcr_pbs / warehouse_single_dock_w2 / intermittent_80s80m15r / 108 agents / seed 1337
[136/200] rhcr_pbs / warehouse_single_dock_w2 / intermittent_80s80m15r / 108 agents / seed 9999
[137/200] rhcr_pbs / warehouse_single_dock_w2 / intermittent_80s80m15r / 108 agents / seed 1337
[138/200] rhcr_pbs / warehouse_single_dock_w2 / zone_50t / 108 agents / seed 789
[139/200] rhcr_pbs / warehouse_single_dock_w2 / zone_50t / 108 agents / seed 789
[140/200] rhcr_pbs / warehouse_single_dock_w2 / zone_50t / 108 agents / seed 33
[141/200] rhcr_pbs / warehouse_single_dock_w2 / zone_50t / 108 agents / seed 789
[142/200] rhcr_pbs / warehouse_single_dock_w2 / zone_50t / 108 agents / seed 404
[143/200] rhcr_pbs / warehouse_single_dock_w2 / zone_50t / 108 agents / seed 404
[144/200] rhcr_pbs / warehouse_single_dock_w2 / zone_50t / 108 agents / seed 789
[145/200] rhcr_pbs / warehouse_single_dock_w2 / intermittent_80s80m15r / 108 agents / seed 9999
[146/200] rhcr_pbs / warehouse_single_dock_w2 / intermittent_80s80m15r / 108 agents / seed 7777
[147/200] rhcr_pbs / warehouse_single_dock_w2 / zone_50t / 108 agents / seed 404
[148/200] rhcr_pbs / warehouse_single_dock_w2 / intermittent_80s80m15r / 108 agents / seed 456
[149/200] rhcr_pbs / warehouse_single_dock_w2 / intermittent_80s80m15r / 108 agents / seed 7777
[150/200] rhcr_pbs / warehouse_single_dock_w2 / zone_50t / 108 agents / seed 9999
[151/200] rhcr_pbs / warehouse_single_dock_w2 / zone_50t / 108 agents / seed 1024
[152/200] rhcr_pbs / warehouse_single_dock_w2 / zone_50t / 108 agents / seed 1024
[153/200] rhcr_pbs / warehouse_single_dock_w2 / zone_50t / 108 agents / seed 1024
[154/200] rhcr_pbs / warehouse_single_dock_w2 / intermittent_80s80m15r / 108 agents / seed 456
[155/200] rhcr_pbs / warehouse_single_dock_w2 / intermittent_80s80m15r / 108 agents / seed 7777
[156/200] rhcr_pbs / warehouse_single_dock_w2 / intermittent_80s80m15r / 108 agents / seed 456
[157/200] rhcr_pbs / warehouse_single_dock_w2 / intermittent_80s80m15r / 108 agents / seed 1337
[158/200] rhcr_pbs / warehouse_single_dock_w2 / zone_50t / 108 agents / seed 404
[159/200] rhcr_pbs / warehouse_single_dock_w2 / zone_50t / 108 agents / seed 1024
[160/200] rhcr_pbs / warehouse_single_dock_w2 / zone_50t / 108 agents / seed 33
[161/200] rhcr_pbs / warehouse_single_dock_w2 / intermittent_80s80m15r / 108 agents / seed 7777
[162/200] rhcr_pbs / warehouse_single_dock_w2 / intermittent_80s80m15r / 108 agents / seed 1337
[163/200] rhcr_pbs / warehouse_single_dock_w2 / intermittent_80s80m15r / 108 agents / seed 1337
[164/200] rhcr_pbs / warehouse_single_dock_w2 / zone_50t / 108 agents / seed 303
[165/200] rhcr_pbs / warehouse_single_dock_w2 / zone_50t / 108 agents / seed 505
[166/200] rhcr_pbs / warehouse_single_dock_w2 / zone_50t / 108 agents / seed 505
[167/200] rhcr_pbs / warehouse_single_dock_w2 / intermittent_80s80m15r / 108 agents / seed 456
[168/200] rhcr_pbs / warehouse_single_dock_w2 / zone_50t / 108 agents / seed 9999
[169/200] rhcr_pbs / warehouse_single_dock_w2 / intermittent_80s80m15r / 108 agents / seed 7777
[170/200] rhcr_pbs / warehouse_single_dock_w2 / zone_50t / 108 agents / seed 9999
[171/200] rhcr_pbs / warehouse_single_dock_w2 / zone_50t / 108 agents / seed 505
[172/200] rhcr_pbs / warehouse_single_dock_w2 / zone_50t / 108 agents / seed 1024
[173/200] rhcr_pbs / warehouse_single_dock_w2 / zone_50t / 108 agents / seed 456
[174/200] rhcr_pbs / warehouse_single_dock_w2 / zone_50t / 108 agents / seed 303
[175/200] rhcr_pbs / warehouse_single_dock_w2 / intermittent_80s80m15r / 108 agents / seed 789
[176/200] rhcr_pbs / warehouse_single_dock_w2 / zone_50t / 108 agents / seed 9999
[177/200] rhcr_pbs / warehouse_single_dock_w2 / zone_50t / 108 agents / seed 505
[178/200] rhcr_pbs / warehouse_single_dock_w2 / intermittent_80s80m15r / 108 agents / seed 789
[179/200] rhcr_pbs / warehouse_single_dock_w2 / zone_50t / 108 agents / seed 505
[180/200] rhcr_pbs / warehouse_single_dock_w2 / zone_50t / 108 agents / seed 9999
[181/200] rhcr_pbs / warehouse_single_dock_w2 / zone_50t / 108 agents / seed 1337
[182/200] rhcr_pbs / warehouse_single_dock_w2 / zone_50t / 108 agents / seed 456
[183/200] rhcr_pbs / warehouse_single_dock_w2 / intermittent_80s80m15r / 108 agents / seed 456
[184/200] rhcr_pbs / warehouse_single_dock_w2 / intermittent_80s80m15r / 108 agents / seed 1024
[185/200] rhcr_pbs / warehouse_single_dock_w2 / zone_50t / 108 agents / seed 1337
[186/200] rhcr_pbs / warehouse_single_dock_w2 / intermittent_80s80m15r / 108 agents / seed 1024
[187/200] rhcr_pbs / warehouse_single_dock_w2 / intermittent_80s80m15r / 108 agents / seed 789
[188/200] rhcr_pbs / warehouse_single_dock_w2 / intermittent_80s80m15r / 108 agents / seed 1024
[189/200] rhcr_pbs / warehouse_single_dock_w2 / zone_50t / 108 agents / seed 1337
[190/200] rhcr_pbs / warehouse_single_dock_w2 / intermittent_80s80m15r / 108 agents / seed 1024
[191/200] rhcr_pbs / warehouse_single_dock_w2 / intermittent_80s80m15r / 108 agents / seed 789
[192/200] rhcr_pbs / warehouse_single_dock_w2 / intermittent_80s80m15r / 108 agents / seed 789
[193/200] rhcr_pbs / warehouse_single_dock_w2 / zone_50t / 108 agents / seed 7777
[194/200] rhcr_pbs / warehouse_single_dock_w2 / zone_50t / 108 agents / seed 7777
[195/200] rhcr_pbs / warehouse_single_dock_w2 / zone_50t / 108 agents / seed 1337
[196/200] rhcr_pbs / warehouse_single_dock_w2 / zone_50t / 108 agents / seed 1337
[197/200] rhcr_pbs / warehouse_single_dock_w2 / zone_50t / 108 agents / seed 7777
[198/200] rhcr_pbs / warehouse_single_dock_w2 / zone_50t / 108 agents / seed 7777
[199/200] rhcr_pbs / warehouse_single_dock_w2 / intermittent_80s80m15r / 108 agents / seed 1024
[200/200] rhcr_pbs / warehouse_single_dock_w2 / zone_50t / 108 agents / seed 7777
  done in 51769s (0.00 runs/s)
  wrote results/aisle_width/rhcr_braess_observatory_proof/proof_w2_n108_runs.csv, results/aisle_width/rhcr_braess_observatory_proof/proof_w2_n108_summary.csv

--- proof_w3_n151: 200 runs ---
Experiment: 200 configs, 100 unique baselines (100 cached), 13 threads
[baseline 1/100] rhcr_pbs / warehouse_single_dock_w3 / closest / 151 agents / seed 42
[baseline 9/100] rhcr_pbs / warehouse_single_dock_w3 / closest / 151 agents / seed 123
[baseline 5/100] rhcr_pbs / warehouse_single_dock_w3 / closest / 151 agents / seed 101
[baseline 6/100] rhcr_pbs / warehouse_single_dock_w3 / closest / 151 agents / seed 11
[baseline 3/100] rhcr_pbs / warehouse_single_dock_w3 / closest / 151 agents / seed 456
[baseline 4/100] rhcr_pbs / warehouse_single_dock_w3 / closest / 151 agents / seed 123
[baseline 7/100] rhcr_pbs / warehouse_single_dock_w3 / closest / 151 agents / seed 123
[baseline 8/100] rhcr_pbs / warehouse_single_dock_w3 / closest / 151 agents / seed 33
[baseline 10/100] rhcr_pbs / warehouse_single_dock_w3 / closest / 151 agents / seed 789
[baseline 11/100] rhcr_pbs / warehouse_single_dock_w3 / closest / 151 agents / seed 789
[baseline 12/100] rhcr_pbs / warehouse_single_dock_w3 / closest / 151 agents / seed 1024
[baseline 2/100] rhcr_pbs / warehouse_single_dock_w3 / closest / 151 agents / seed 2048
[baseline 13/100] rhcr_pbs / warehouse_single_dock_w3 / closest / 151 agents / seed 44
[baseline 14/100] rhcr_pbs / warehouse_single_dock_w3 / closest / 151 agents / seed 789
[baseline 15/100] rhcr_pbs / warehouse_single_dock_w3 / closest / 151 agents / seed 1024
[baseline 16/100] rhcr_pbs / warehouse_single_dock_w3 / closest / 151 agents / seed 33
[baseline 17/100] rhcr_pbs / warehouse_single_dock_w3 / closest / 151 agents / seed 123
[baseline 18/100] rhcr_pbs / warehouse_single_dock_w3 / closest / 151 agents / seed 11
[baseline 19/100] rhcr_pbs / warehouse_single_dock_w3 / closest / 151 agents / seed 1024
[baseline 20/100] rhcr_pbs / warehouse_single_dock_w3 / closest / 151 agents / seed 11
[baseline 21/100] rhcr_pbs / warehouse_single_dock_w3 / closest / 151 agents / seed 1024
[baseline 22/100] rhcr_pbs / warehouse_single_dock_w3 / closest / 151 agents / seed 44
[baseline 23/100] rhcr_pbs / warehouse_single_dock_w3 / closest / 151 agents / seed 1024
[baseline 24/100] rhcr_pbs / warehouse_single_dock_w3 / closest / 151 agents / seed 33
[baseline 25/100] rhcr_pbs / warehouse_single_dock_w3 / closest / 151 agents / seed 55
[baseline 26/100] rhcr_pbs / warehouse_single_dock_w3 / closest / 151 agents / seed 11
[baseline 27/100] rhcr_pbs / warehouse_single_dock_w3 / closest / 151 agents / seed 456
[baseline 28/100] rhcr_pbs / warehouse_single_dock_w3 / closest / 151 agents / seed 55
[baseline 29/100] rhcr_pbs / warehouse_single_dock_w3 / closest / 151 agents / seed 456
[baseline 30/100] rhcr_pbs / warehouse_single_dock_w3 / closest / 151 agents / seed 55
[baseline 31/100] rhcr_pbs / warehouse_single_dock_w3 / closest / 151 agents / seed 55
[baseline 32/100] rhcr_pbs / warehouse_single_dock_w3 / closest / 151 agents / seed 11
[baseline 33/100] rhcr_pbs / warehouse_single_dock_w3 / closest / 151 agents / seed 101
[baseline 34/100] rhcr_pbs / warehouse_single_dock_w3 / closest / 151 agents / seed 101
[baseline 35/100] rhcr_pbs / warehouse_single_dock_w3 / closest / 151 agents / seed 42
[baseline 36/100] rhcr_pbs / warehouse_single_dock_w3 / closest / 151 agents / seed 789
[baseline 37/100] rhcr_pbs / warehouse_single_dock_w3 / closest / 151 agents / seed 789
[baseline 38/100] rhcr_pbs / warehouse_single_dock_w3 / closest / 151 agents / seed 456
[baseline 39/100] rhcr_pbs / warehouse_single_dock_w3 / closest / 151 agents / seed 2048
[baseline 40/100] rhcr_pbs / warehouse_single_dock_w3 / closest / 151 agents / seed 42
[baseline 41/100] rhcr_pbs / warehouse_single_dock_w3 / closest / 151 agents / seed 2048
[baseline 42/100] rhcr_pbs / warehouse_single_dock_w3 / closest / 151 agents / seed 101
[baseline 43/100] rhcr_pbs / warehouse_single_dock_w3 / closest / 151 agents / seed 42
[baseline 44/100] rhcr_pbs / warehouse_single_dock_w3 / closest / 151 agents / seed 44
[baseline 45/100] rhcr_pbs / warehouse_single_dock_w3 / closest / 151 agents / seed 2048
[baseline 46/100] rhcr_pbs / warehouse_single_dock_w3 / closest / 151 agents / seed 2048
[baseline 47/100] rhcr_pbs / warehouse_single_dock_w3 / closest / 151 agents / seed 44
[baseline 48/100] rhcr_pbs / warehouse_single_dock_w3 / closest / 151 agents / seed 22
[baseline 49/100] rhcr_pbs / warehouse_single_dock_w3 / closest / 151 agents / seed 44
[baseline 50/100] rhcr_pbs / warehouse_single_dock_w3 / closest / 151 agents / seed 22
[baseline 51/100] rhcr_pbs / warehouse_single_dock_w3 / closest / 151 agents / seed 101
[baseline 52/100] rhcr_pbs / warehouse_single_dock_w3 / closest / 151 agents / seed 42
[baseline 53/100] rhcr_pbs / warehouse_single_dock_w3 / closest / 151 agents / seed 22
[baseline 54/100] rhcr_pbs / warehouse_single_dock_w3 / closest / 151 agents / seed 456
[baseline 55/100] rhcr_pbs / warehouse_single_dock_w3 / closest / 151 agents / seed 9999
[baseline 56/100] rhcr_pbs / warehouse_single_dock_w3 / closest / 151 agents / seed 9999
[baseline 57/100] rhcr_pbs / warehouse_single_dock_w3 / closest / 151 agents / seed 9999
[baseline 58/100] rhcr_pbs / warehouse_single_dock_w3 / closest / 151 agents / seed 22
[baseline 59/100] rhcr_pbs / warehouse_single_dock_w3 / closest / 151 agents / seed 33
[baseline 60/100] rhcr_pbs / warehouse_single_dock_w3 / closest / 151 agents / seed 33
[baseline 61/100] rhcr_pbs / warehouse_single_dock_w3 / closest / 151 agents / seed 1337
[baseline 62/100] rhcr_pbs / warehouse_single_dock_w3 / closest / 151 agents / seed 1337
[baseline 63/100] rhcr_pbs / warehouse_single_dock_w3 / closest / 151 agents / seed 55
[baseline 64/100] rhcr_pbs / warehouse_single_dock_w3 / closest / 151 agents / seed 3141
[baseline 65/100] rhcr_pbs / warehouse_single_dock_w3 / closest / 151 agents / seed 123
[baseline 66/100] rhcr_pbs / warehouse_single_dock_w3 / closest / 151 agents / seed 303
[baseline 67/100] rhcr_pbs / warehouse_single_dock_w3 / closest / 151 agents / seed 303
[baseline 68/100] rhcr_pbs / warehouse_single_dock_w3 / closest / 151 agents / seed 202
[baseline 69/100] rhcr_pbs / warehouse_single_dock_w3 / closest / 151 agents / seed 404
[baseline 70/100] rhcr_pbs / warehouse_single_dock_w3 / closest / 151 agents / seed 202
[baseline 71/100] rhcr_pbs / warehouse_single_dock_w3 / closest / 151 agents / seed 404
[baseline 72/100] rhcr_pbs / warehouse_single_dock_w3 / closest / 151 agents / seed 202
[baseline 73/100] rhcr_pbs / warehouse_single_dock_w3 / closest / 151 agents / seed 202
[baseline 74/100] rhcr_pbs / warehouse_single_dock_w3 / closest / 151 agents / seed 505
[baseline 75/100] rhcr_pbs / warehouse_single_dock_w3 / closest / 151 agents / seed 303
[baseline 76/100] rhcr_pbs / warehouse_single_dock_w3 / closest / 151 agents / seed 505
[baseline 77/100] rhcr_pbs / warehouse_single_dock_w3 / closest / 151 agents / seed 505
[baseline 78/100] rhcr_pbs / warehouse_single_dock_w3 / closest / 151 agents / seed 202
[baseline 79/100] rhcr_pbs / warehouse_single_dock_w3 / closest / 151 agents / seed 505
[baseline 80/100] rhcr_pbs / warehouse_single_dock_w3 / closest / 151 agents / seed 404
[baseline 81/100] rhcr_pbs / warehouse_single_dock_w3 / closest / 151 agents / seed 3141
[baseline 82/100] rhcr_pbs / warehouse_single_dock_w3 / closest / 151 agents / seed 3141
[baseline 83/100] rhcr_pbs / warehouse_single_dock_w3 / closest / 151 agents / seed 22
[baseline 84/100] rhcr_pbs / warehouse_single_dock_w3 / closest / 151 agents / seed 505
[baseline 85/100] rhcr_pbs / warehouse_single_dock_w3 / closest / 151 agents / seed 3141
[baseline 86/100] rhcr_pbs / warehouse_single_dock_w3 / closest / 151 agents / seed 3141
[baseline 87/100] rhcr_pbs / warehouse_single_dock_w3 / closest / 151 agents / seed 303
[baseline 88/100] rhcr_pbs / warehouse_single_dock_w3 / closest / 151 agents / seed 404
[baseline 89/100] rhcr_pbs / warehouse_single_dock_w3 / closest / 151 agents / seed 9999
[baseline 90/100] rhcr_pbs / warehouse_single_dock_w3 / closest / 151 agents / seed 404
[baseline 91/100] rhcr_pbs / warehouse_single_dock_w3 / closest / 151 agents / seed 303
[baseline 92/100] rhcr_pbs / warehouse_single_dock_w3 / closest / 151 agents / seed 1337
[baseline 93/100] rhcr_pbs / warehouse_single_dock_w3 / closest / 151 agents / seed 7777
[baseline 94/100] rhcr_pbs / warehouse_single_dock_w3 / closest / 151 agents / seed 7777
[baseline 95/100] rhcr_pbs / warehouse_single_dock_w3 / closest / 151 agents / seed 7777
[baseline 96/100] rhcr_pbs / warehouse_single_dock_w3 / closest / 151 agents / seed 7777
[baseline 97/100] rhcr_pbs / warehouse_single_dock_w3 / closest / 151 agents / seed 7777
[baseline 98/100] rhcr_pbs / warehouse_single_dock_w3 / closest / 151 agents / seed 9999
[baseline 99/100] rhcr_pbs / warehouse_single_dock_w3 / closest / 151 agents / seed 1337
[baseline 100/100] rhcr_pbs / warehouse_single_dock_w3 / closest / 151 agents / seed 1337
[1/200] rhcr_pbs / warehouse_single_dock_w3 / zone_50t / 151 agents / seed 42
[2/200] rhcr_pbs / warehouse_single_dock_w3 / intermittent_80s80m15r / 151 agents / seed 42
[3/200] rhcr_pbs / warehouse_single_dock_w3 / intermittent_80s80m15r / 151 agents / seed 11
[4/200] rhcr_pbs / warehouse_single_dock_w3 / intermittent_80s80m15r / 151 agents / seed 2048
[5/200] rhcr_pbs / warehouse_single_dock_w3 / intermittent_80s80m15r / 151 agents / seed 9999
[6/200] rhcr_pbs / warehouse_single_dock_w3 / zone_50t / 151 agents / seed 11
[7/200] rhcr_pbs / warehouse_single_dock_w3 / intermittent_80s80m15r / 151 agents / seed 3141
[8/200] rhcr_pbs / warehouse_single_dock_w3 / intermittent_80s80m15r / 151 agents / seed 2048
[9/200] rhcr_pbs / warehouse_single_dock_w3 / intermittent_80s80m15r / 151 agents / seed 3141
[10/200] rhcr_pbs / warehouse_single_dock_w3 / intermittent_80s80m15r / 151 agents / seed 2048
[11/200] rhcr_pbs / warehouse_single_dock_w3 / intermittent_80s80m15r / 151 agents / seed 3141
[12/200] rhcr_pbs / warehouse_single_dock_w3 / intermittent_80s80m15r / 151 agents / seed 101
[13/200] rhcr_pbs / warehouse_single_dock_w3 / intermittent_80s80m15r / 151 agents / seed 3141
[14/200] rhcr_pbs / warehouse_single_dock_w3 / intermittent_80s80m15r / 151 agents / seed 2048
[15/200] rhcr_pbs / warehouse_single_dock_w3 / zone_50t / 151 agents / seed 2048
[16/200] rhcr_pbs / warehouse_single_dock_w3 / intermittent_80s80m15r / 151 agents / seed 2048
[17/200] rhcr_pbs / warehouse_single_dock_w3 / intermittent_80s80m15r / 151 agents / seed 3141
[18/200] rhcr_pbs / warehouse_single_dock_w3 / intermittent_80s80m15r / 151 agents / seed 9999
[19/200] rhcr_pbs / warehouse_single_dock_w3 / zone_50t / 151 agents / seed 11
[20/200] rhcr_pbs / warehouse_single_dock_w3 / intermittent_80s80m15r / 151 agents / seed 11
[21/200] rhcr_pbs / warehouse_single_dock_w3 / zone_50t / 151 agents / seed 11
[22/200] rhcr_pbs / warehouse_single_dock_w3 / intermittent_80s80m15r / 151 agents / seed 11
[23/200] rhcr_pbs / warehouse_single_dock_w3 / zone_50t / 151 agents / seed 456
[24/200] rhcr_pbs / warehouse_single_dock_w3 / intermittent_80s80m15r / 151 agents / seed 11
[25/200] rhcr_pbs / warehouse_single_dock_w3 / intermittent_80s80m15r / 151 agents / seed 101
[26/200] rhcr_pbs / warehouse_single_dock_w3 / zone_50t / 151 agents / seed 11
[27/200] rhcr_pbs / warehouse_single_dock_w3 / intermittent_80s80m15r / 151 agents / seed 456
[28/200] rhcr_pbs / warehouse_single_dock_w3 / intermittent_80s80m15r / 151 agents / seed 9999
[29/200] rhcr_pbs / warehouse_single_dock_w3 / intermittent_80s80m15r / 151 agents / seed 101
[30/200] rhcr_pbs / warehouse_single_dock_w3 / intermittent_80s80m15r / 151 agents / seed 303
[31/200] rhcr_pbs / warehouse_single_dock_w3 / zone_50t / 151 agents / seed 11
[32/200] rhcr_pbs / warehouse_single_dock_w3 / intermittent_80s80m15r / 151 agents / seed 101
[33/200] rhcr_pbs / warehouse_single_dock_w3 / intermittent_80s80m15r / 151 agents / seed 11
[34/200] rhcr_pbs / warehouse_single_dock_w3 / zone_50t / 151 agents / seed 456
[35/200] rhcr_pbs / warehouse_single_dock_w3 / intermittent_80s80m15r / 151 agents / seed 303
[36/200] rhcr_pbs / warehouse_single_dock_w3 / intermittent_80s80m15r / 151 agents / seed 456
[37/200] rhcr_pbs / warehouse_single_dock_w3 / zone_50t / 151 agents / seed 2048
[38/200] rhcr_pbs / warehouse_single_dock_w3 / zone_50t / 151 agents / seed 2048
[39/200] rhcr_pbs / warehouse_single_dock_w3 / intermittent_80s80m15r / 151 agents / seed 101
[40/200] rhcr_pbs / warehouse_single_dock_w3 / intermittent_80s80m15r / 151 agents / seed 42
[41/200] rhcr_pbs / warehouse_single_dock_w3 / intermittent_80s80m15r / 151 agents / seed 42
[42/200] rhcr_pbs / warehouse_single_dock_w3 / zone_50t / 151 agents / seed 789
[43/200] rhcr_pbs / warehouse_single_dock_w3 / intermittent_80s80m15r / 151 agents / seed 42
[44/200] rhcr_pbs / warehouse_single_dock_w3 / intermittent_80s80m15r / 151 agents / seed 456
[45/200] rhcr_pbs / warehouse_single_dock_w3 / zone_50t / 151 agents / seed 456
[46/200] rhcr_pbs / warehouse_single_dock_w3 / zone_50t / 151 agents / seed 2048
[47/200] rhcr_pbs / warehouse_single_dock_w3 / zone_50t / 151 agents / seed 2048
[48/200] rhcr_pbs / warehouse_single_dock_w3 / zone_50t / 151 agents / seed 42
[49/200] rhcr_pbs / warehouse_single_dock_w3 / intermittent_80s80m15r / 151 agents / seed 303
[50/200] rhcr_pbs / warehouse_single_dock_w3 / zone_50t / 151 agents / seed 42
[51/200] rhcr_pbs / warehouse_single_dock_w3 / zone_50t / 151 agents / seed 42
[52/200] rhcr_pbs / warehouse_single_dock_w3 / zone_50t / 151 agents / seed 789
[53/200] rhcr_pbs / warehouse_single_dock_w3 / intermittent_80s80m15r / 151 agents / seed 42
[54/200] rhcr_pbs / warehouse_single_dock_w3 / zone_50t / 151 agents / seed 42
[55/200] rhcr_pbs / warehouse_single_dock_w3 / zone_50t / 151 agents / seed 123
[56/200] rhcr_pbs / warehouse_single_dock_w3 / intermittent_80s80m15r / 151 agents / seed 404
[57/200] rhcr_pbs / warehouse_single_dock_w3 / intermittent_80s80m15r / 151 agents / seed 9999
[58/200] rhcr_pbs / warehouse_single_dock_w3 / intermittent_80s80m15r / 151 agents / seed 22
[59/200] rhcr_pbs / warehouse_single_dock_w3 / zone_50t / 151 agents / seed 9999
[60/200] rhcr_pbs / warehouse_single_dock_w3 / zone_50t / 151 agents / seed 9999
[61/200] rhcr_pbs / warehouse_single_dock_w3 / intermittent_80s80m15r / 151 agents / seed 1337
[62/200] rhcr_pbs / warehouse_single_dock_w3 / zone_50t / 151 agents / seed 1024
[63/200] rhcr_pbs / warehouse_single_dock_w3 / intermittent_80s80m15r / 151 agents / seed 202
[64/200] rhcr_pbs / warehouse_single_dock_w3 / zone_50t / 151 agents / seed 123
[65/200] rhcr_pbs / warehouse_single_dock_w3 / zone_50t / 151 agents / seed 123
[66/200] rhcr_pbs / warehouse_single_dock_w3 / zone_50t / 151 agents / seed 9999
[67/200] rhcr_pbs / warehouse_single_dock_w3 / zone_50t / 151 agents / seed 123
[68/200] rhcr_pbs / warehouse_single_dock_w3 / intermittent_80s80m15r / 151 agents / seed 404
[69/200] rhcr_pbs / warehouse_single_dock_w3 / intermittent_80s80m15r / 151 agents / seed 404
[70/200] rhcr_pbs / warehouse_single_dock_w3 / zone_50t / 151 agents / seed 123
[71/200] rhcr_pbs / warehouse_single_dock_w3 / zone_50t / 151 agents / seed 22
[72/200] rhcr_pbs / warehouse_single_dock_w3 / intermittent_80s80m15r / 151 agents / seed 22
[73/200] rhcr_pbs / warehouse_single_dock_w3 / intermittent_80s80m15r / 151 agents / seed 789
[74/200] rhcr_pbs / warehouse_single_dock_w3 / intermittent_80s80m15r / 151 agents / seed 22
[75/200] rhcr_pbs / warehouse_single_dock_w3 / zone_50t / 151 agents / seed 3141
[76/200] rhcr_pbs / warehouse_single_dock_w3 / intermittent_80s80m15r / 151 agents / seed 1337
[77/200] rhcr_pbs / warehouse_single_dock_w3 / intermittent_80s80m15r / 151 agents / seed 1337
[78/200] rhcr_pbs / warehouse_single_dock_w3 / zone_50t / 151 agents / seed 789
[79/200] rhcr_pbs / warehouse_single_dock_w3 / intermittent_80s80m15r / 151 agents / seed 9999
[80/200] rhcr_pbs / warehouse_single_dock_w3 / intermittent_80s80m15r / 151 agents / seed 404
[81/200] rhcr_pbs / warehouse_single_dock_w3 / intermittent_80s80m15r / 151 agents / seed 1337
[82/200] rhcr_pbs / warehouse_single_dock_w3 / intermittent_80s80m15r / 151 agents / seed 505
[83/200] rhcr_pbs / warehouse_single_dock_w3 / zone_50t / 151 agents / seed 1024
[84/200] rhcr_pbs / warehouse_single_dock_w3 / intermittent_80s80m15r / 151 agents / seed 505
[85/200] rhcr_pbs / warehouse_single_dock_w3 / intermittent_80s80m15r / 151 agents / seed 202
[86/200] rhcr_pbs / warehouse_single_dock_w3 / intermittent_80s80m15r / 151 agents / seed 1337
[87/200] rhcr_pbs / warehouse_single_dock_w3 / zone_50t / 151 agents / seed 1024
[88/200] rhcr_pbs / warehouse_single_dock_w3 / intermittent_80s80m15r / 151 agents / seed 404
[89/200] rhcr_pbs / warehouse_single_dock_w3 / intermittent_80s80m15r / 151 agents / seed 22
[90/200] rhcr_pbs / warehouse_single_dock_w3 / intermittent_80s80m15r / 151 agents / seed 202
[91/200] rhcr_pbs / warehouse_single_dock_w3 / intermittent_80s80m15r / 151 agents / seed 505
[92/200] rhcr_pbs / warehouse_single_dock_w3 / zone_50t / 151 agents / seed 3141
[93/200] rhcr_pbs / warehouse_single_dock_w3 / zone_50t / 151 agents / seed 3141
[94/200] rhcr_pbs / warehouse_single_dock_w3 / zone_50t / 151 agents / seed 1024
[95/200] rhcr_pbs / warehouse_single_dock_w3 / intermittent_80s80m15r / 151 agents / seed 202
[96/200] rhcr_pbs / warehouse_single_dock_w3 / intermittent_80s80m15r / 151 agents / seed 123
[97/200] rhcr_pbs / warehouse_single_dock_w3 / intermittent_80s80m15r / 151 agents / seed 22
[98/200] rhcr_pbs / warehouse_single_dock_w3 / zone_50t / 151 agents / seed 3141
[99/200] rhcr_pbs / warehouse_single_dock_w3 / intermittent_80s80m15r / 151 agents / seed 202
[100/200] rhcr_pbs / warehouse_single_dock_w3 / intermittent_80s80m15r / 151 agents / seed 505
[101/200] rhcr_pbs / warehouse_single_dock_w3 / zone_50t / 151 agents / seed 1024
[102/200] rhcr_pbs / warehouse_single_dock_w3 / zone_50t / 151 agents / seed 789
[103/200] rhcr_pbs / warehouse_single_dock_w3 / zone_50t / 151 agents / seed 789
[104/200] rhcr_pbs / warehouse_single_dock_w3 / zone_50t / 151 agents / seed 3141
[105/200] rhcr_pbs / warehouse_single_dock_w3 / intermittent_80s80m15r / 151 agents / seed 789
[106/200] rhcr_pbs / warehouse_single_dock_w3 / intermittent_80s80m15r / 151 agents / seed 789
[107/200] rhcr_pbs / warehouse_single_dock_w3 / intermittent_80s80m15r / 151 agents / seed 303
[108/200] rhcr_pbs / warehouse_single_dock_w3 / zone_50t / 151 agents / seed 22
[109/200] rhcr_pbs / warehouse_single_dock_w3 / intermittent_80s80m15r / 151 agents / seed 123
[110/200] rhcr_pbs / warehouse_single_dock_w3 / intermittent_80s80m15r / 151 agents / seed 505
[111/200] rhcr_pbs / warehouse_single_dock_w3 / zone_50t / 151 agents / seed 22
[112/200] rhcr_pbs / warehouse_single_dock_w3 / intermittent_80s80m15r / 151 agents / seed 789
[113/200] rhcr_pbs / warehouse_single_dock_w3 / intermittent_80s80m15r / 151 agents / seed 123
[114/200] rhcr_pbs / warehouse_single_dock_w3 / intermittent_80s80m15r / 151 agents / seed 303
[115/200] rhcr_pbs / warehouse_single_dock_w3 / intermittent_80s80m15r / 151 agents / seed 123
[116/200] rhcr_pbs / warehouse_single_dock_w3 / zone_50t / 151 agents / seed 22
[117/200] rhcr_pbs / warehouse_single_dock_w3 / intermittent_80s80m15r / 151 agents / seed 789
[118/200] rhcr_pbs / warehouse_single_dock_w3 / intermittent_80s80m15r / 151 agents / seed 123
[119/200] rhcr_pbs / warehouse_single_dock_w3 / zone_50t / 151 agents / seed 22
[120/200] rhcr_pbs / warehouse_single_dock_w3 / zone_50t / 151 agents / seed 456
[121/200] rhcr_pbs / warehouse_single_dock_w3 / intermittent_80s80m15r / 151 agents / seed 1024
[122/200] rhcr_pbs / warehouse_single_dock_w3 / intermittent_80s80m15r / 151 agents / seed 1024
[123/200] rhcr_pbs / warehouse_single_dock_w3 / intermittent_80s80m15r / 151 agents / seed 1024
[124/200] rhcr_pbs / warehouse_single_dock_w3 / zone_50t / 151 agents / seed 1337
[125/200] rhcr_pbs / warehouse_single_dock_w3 / intermittent_80s80m15r / 151 agents / seed 7777
[126/200] rhcr_pbs / warehouse_single_dock_w3 / intermittent_80s80m15r / 151 agents / seed 7777
[127/200] rhcr_pbs / warehouse_single_dock_w3 / intermittent_80s80m15r / 151 agents / seed 1024
[128/200] rhcr_pbs / warehouse_single_dock_w3 / intermittent_80s80m15r / 151 agents / seed 33
[129/200] rhcr_pbs / warehouse_single_dock_w3 / intermittent_80s80m15r / 151 agents / seed 7777
[130/200] rhcr_pbs / warehouse_single_dock_w3 / intermittent_80s80m15r / 151 agents / seed 7777
[131/200] rhcr_pbs / warehouse_single_dock_w3 / intermittent_80s80m15r / 151 agents / seed 456
[132/200] rhcr_pbs / warehouse_single_dock_w3 / zone_50t / 151 agents / seed 101
[133/200] rhcr_pbs / warehouse_single_dock_w3 / zone_50t / 151 agents / seed 456
[134/200] rhcr_pbs / warehouse_single_dock_w3 / intermittent_80s80m15r / 151 agents / seed 33
[135/200] rhcr_pbs / warehouse_single_dock_w3 / intermittent_80s80m15r / 151 agents / seed 7777
[136/200] rhcr_pbs / warehouse_single_dock_w3 / zone_50t / 151 agents / seed 303
[137/200] rhcr_pbs / warehouse_single_dock_w3 / intermittent_80s80m15r / 151 agents / seed 33
[138/200] rhcr_pbs / warehouse_single_dock_w3 / intermittent_80s80m15r / 151 agents / seed 44
[139/200] rhcr_pbs / warehouse_single_dock_w3 / zone_50t / 151 agents / seed 303
[140/200] rhcr_pbs / warehouse_single_dock_w3 / intermittent_80s80m15r / 151 agents / seed 33
[141/200] rhcr_pbs / warehouse_single_dock_w3 / zone_50t / 151 agents / seed 101
[142/200] rhcr_pbs / warehouse_single_dock_w3 / zone_50t / 151 agents / seed 1337
[143/200] rhcr_pbs / warehouse_single_dock_w3 / zone_50t / 151 agents / seed 101
[144/200] rhcr_pbs / warehouse_single_dock_w3 / zone_50t / 151 agents / seed 1337
[145/200] rhcr_pbs / warehouse_single_dock_w3 / intermittent_80s80m15r / 151 agents / seed 33
[146/200] rhcr_pbs / warehouse_single_dock_w3 / intermittent_80s80m15r / 151 agents / seed 44
[147/200] rhcr_pbs / warehouse_single_dock_w3 / zone_50t / 151 agents / seed 303
[148/200] rhcr_pbs / warehouse_single_dock_w3 / zone_50t / 151 agents / seed 1337
[149/200] rhcr_pbs / warehouse_single_dock_w3 / intermittent_80s80m15r / 151 agents / seed 1024
[150/200] rhcr_pbs / warehouse_single_dock_w3 / intermittent_80s80m15r / 151 agents / seed 44
[151/200] rhcr_pbs / warehouse_single_dock_w3 / zone_50t / 151 agents / seed 1337
[152/200] rhcr_pbs / warehouse_single_dock_w3 / intermittent_80s80m15r / 151 agents / seed 456
[153/200] rhcr_pbs / warehouse_single_dock_w3 / zone_50t / 151 agents / seed 101
[154/200] rhcr_pbs / warehouse_single_dock_w3 / zone_50t / 151 agents / seed 404
[155/200] rhcr_pbs / warehouse_single_dock_w3 / zone_50t / 151 agents / seed 404
[156/200] rhcr_pbs / warehouse_single_dock_w3 / zone_50t / 151 agents / seed 9999
[157/200] rhcr_pbs / warehouse_single_dock_w3 / zone_50t / 151 agents / seed 101
[158/200] rhcr_pbs / warehouse_single_dock_w3 / zone_50t / 151 agents / seed 505
[159/200] rhcr_pbs / warehouse_single_dock_w3 / intermittent_80s80m15r / 151 agents / seed 44
[160/200] rhcr_pbs / warehouse_single_dock_w3 / zone_50t / 151 agents / seed 9999
[161/200] rhcr_pbs / warehouse_single_dock_w3 / intermittent_80s80m15r / 151 agents / seed 44
[162/200] rhcr_pbs / warehouse_single_dock_w3 / zone_50t / 151 agents / seed 202
[163/200] rhcr_pbs / warehouse_single_dock_w3 / zone_50t / 151 agents / seed 505
[164/200] rhcr_pbs / warehouse_single_dock_w3 / zone_50t / 151 agents / seed 505
[165/200] rhcr_pbs / warehouse_single_dock_w3 / zone_50t / 151 agents / seed 202
[166/200] rhcr_pbs / warehouse_single_dock_w3 / zone_50t / 151 agents / seed 202
[167/200] rhcr_pbs / warehouse_single_dock_w3 / zone_50t / 151 agents / seed 505
[168/200] rhcr_pbs / warehouse_single_dock_w3 / zone_50t / 151 agents / seed 202
[169/200] rhcr_pbs / warehouse_single_dock_w3 / zone_50t / 151 agents / seed 505
[170/200] rhcr_pbs / warehouse_single_dock_w3 / zone_50t / 151 agents / seed 33
[171/200] rhcr_pbs / warehouse_single_dock_w3 / zone_50t / 151 agents / seed 7777
[172/200] rhcr_pbs / warehouse_single_dock_w3 / zone_50t / 151 agents / seed 7777
[173/200] rhcr_pbs / warehouse_single_dock_w3 / zone_50t / 151 agents / seed 7777
[174/200] rhcr_pbs / warehouse_single_dock_w3 / zone_50t / 151 agents / seed 33
[175/200] rhcr_pbs / warehouse_single_dock_w3 / zone_50t / 151 agents / seed 33
[176/200] rhcr_pbs / warehouse_single_dock_w3 / zone_50t / 151 agents / seed 7777
[177/200] rhcr_pbs / warehouse_single_dock_w3 / zone_50t / 151 agents / seed 33
[178/200] rhcr_pbs / warehouse_single_dock_w3 / intermittent_80s80m15r / 151 agents / seed 55
[179/200] rhcr_pbs / warehouse_single_dock_w3 / zone_50t / 151 agents / seed 7777
[180/200] rhcr_pbs / warehouse_single_dock_w3 / zone_50t / 151 agents / seed 303
[181/200] rhcr_pbs / warehouse_single_dock_w3 / zone_50t / 151 agents / seed 33
[182/200] rhcr_pbs / warehouse_single_dock_w3 / intermittent_80s80m15r / 151 agents / seed 55
[183/200] rhcr_pbs / warehouse_single_dock_w3 / intermittent_80s80m15r / 151 agents / seed 55
[184/200] rhcr_pbs / warehouse_single_dock_w3 / zone_50t / 151 agents / seed 404
[185/200] rhcr_pbs / warehouse_single_dock_w3 / zone_50t / 151 agents / seed 404
[186/200] rhcr_pbs / warehouse_single_dock_w3 / zone_50t / 151 agents / seed 404
[187/200] rhcr_pbs / warehouse_single_dock_w3 / intermittent_80s80m15r / 151 agents / seed 55
[188/200] rhcr_pbs / warehouse_single_dock_w3 / intermittent_80s80m15r / 151 agents / seed 55
[189/200] rhcr_pbs / warehouse_single_dock_w3 / zone_50t / 151 agents / seed 303
[190/200] rhcr_pbs / warehouse_single_dock_w3 / zone_50t / 151 agents / seed 202
[191/200] rhcr_pbs / warehouse_single_dock_w3 / zone_50t / 151 agents / seed 44
[192/200] rhcr_pbs / warehouse_single_dock_w3 / zone_50t / 151 agents / seed 44
[193/200] rhcr_pbs / warehouse_single_dock_w3 / zone_50t / 151 agents / seed 55
[194/200] rhcr_pbs / warehouse_single_dock_w3 / zone_50t / 151 agents / seed 55
[195/200] rhcr_pbs / warehouse_single_dock_w3 / zone_50t / 151 agents / seed 44
[196/200] rhcr_pbs / warehouse_single_dock_w3 / zone_50t / 151 agents / seed 44
[197/200] rhcr_pbs / warehouse_single_dock_w3 / zone_50t / 151 agents / seed 44
[198/200] rhcr_pbs / warehouse_single_dock_w3 / zone_50t / 151 agents / seed 55
[199/200] rhcr_pbs / warehouse_single_dock_w3 / zone_50t / 151 agents / seed 55
[200/200] rhcr_pbs / warehouse_single_dock_w3 / zone_50t / 151 agents / seed 55
  done in 120081s (0.00 runs/s)
  wrote results/aisle_width/rhcr_braess_observatory_proof/proof_w3_n151_runs.csv, results/aisle_width/rhcr_braess_observatory_proof/proof_w3_n151_summary.csv

=== Observatory proof complete: 600 runs in 49h52m04s ===
cargo test: 1 passed, 471 filtered out (1 suite, 179524.35s)
_single_dock_w3 / zone_50t / 151 agents / seed 789
[77/200] rhcr_pbs / warehouse_single_dock_w3 / zone_50t / 151 agents / seed 3141
[78/200] rhcr_pbs / warehouse_single_dock_w3 / zone_50t / 151 agents / seed 505
[79/200] rhcr_pbs / warehouse_single_dock_w3 / zone_50t / 151 agents / seed 9999
[80/200] rhcr_pbs / warehouse_single_dock_w3 / zone_50t / 151 agents / seed 9999
[81/200] rhcr_pbs / warehouse_single_dock_w3 / zone_50t / 151 agents / seed 789
[82/200] rhcr_pbs / warehouse_single_dock_w3 / zone_50t / 151 agents / seed 1337
[83/200] rhcr_pbs / warehouse_single_dock_w3 / zone_50t / 151 agents / seed 789
[84/200] rhcr_pbs / warehouse_single_dock_w3 / zone_50t / 151 agents / seed 789
[85/200] rhcr_pbs / warehouse_single_dock_w3 / zone_50t / 151 agents / seed 1337
[86/200] rhcr_pbs / warehouse_single_dock_w3 / zone_50t / 151 agents / seed 1337
[87/200] rhcr_pbs / warehouse_single_dock_w3 / intermittent_80s80m15r / 151 agents / seed 123
[88/200] rhcr_pbs / warehouse_single_dock_w3 / zone_50t / 151 agents / seed 404
[89/200] rhcr_pbs / warehouse_single_dock_w3 / zone_50t / 151 agents / seed 404
[90/200] rhcr_pbs / warehouse_single_dock_w3 / intermittent_80s80m15r / 151 agents / seed 11
[91/200] rhcr_pbs / warehouse_single_dock_w3 / zone_50t / 151 agents / seed 789
[92/200] rhcr_pbs / warehouse_single_dock_w3 / intermittent_80s80m15r / 151 agents / seed 2048
[93/200] rhcr_pbs / warehouse_single_dock_w3 / zone_50t / 151 agents / seed 7777
[94/200] rhcr_pbs / warehouse_single_dock_w3 / zone_50t / 151 agents / seed 7777
[95/200] rhcr_pbs / warehouse_single_dock_w3 / intermittent_80s80m15r / 151 agents / seed 11
[96/200] rhcr_pbs / warehouse_single_dock_w3 / intermittent_80s80m15r / 151 agents / seed 11
[97/200] rhcr_pbs / warehouse_single_dock_w3 / zone_50t / 151 agents / seed 7777
[98/200] rhcr_pbs / warehouse_single_dock_w3 / zone_50t / 151 agents / seed 7777
[99/200] rhcr_pbs / warehouse_single_dock_w3 / intermittent_80s80m15r / 151 agents / seed 101
[100/200] rhcr_pbs / warehouse_single_dock_w3 / zone_50t / 151 agents / seed 505
[101/200] rhcr_pbs / warehouse_single_dock_w3 / intermittent_80s80m15r / 151 agents / seed 11
[102/200] rhcr_pbs / warehouse_single_dock_w3 / zone_50t / 151 agents / seed 505
[103/200] rhcr_pbs / warehouse_single_dock_w3 / intermittent_80s80m15r / 151 agents / seed 456
[104/200] rhcr_pbs / warehouse_single_dock_w3 / intermittent_80s80m15r / 151 agents / seed 123
[105/200] rhcr_pbs / warehouse_single_dock_w3 / zone_50t / 151 agents / seed 505
[106/200] rhcr_pbs / warehouse_single_dock_w3 / intermittent_80s80m15r / 151 agents / seed 123
[107/200] rhcr_pbs / warehouse_single_dock_w3 / zone_50t / 151 agents / seed 505
[108/200] rhcr_pbs / warehouse_single_dock_w3 / zone_50t / 151 agents / seed 7777
[109/200] rhcr_pbs / warehouse_single_dock_w3 / intermittent_80s80m15r / 151 agents / seed 101
[110/200] rhcr_pbs / warehouse_single_dock_w3 / zone_50t / 151 agents / seed 1024
[111/200] rhcr_pbs / warehouse_single_dock_w3 / intermittent_80s80m15r / 151 agents / seed 33
[112/200] rhcr_pbs / warehouse_single_dock_w3 / intermittent_80s80m15r / 151 agents / seed 11
[113/200] rhcr_pbs / warehouse_single_dock_w3 / zone_50t / 151 agents / seed 1024
[114/200] rhcr_pbs / warehouse_single_dock_w3 / intermittent_80s80m15r / 151 agents / seed 101
[115/200] rhcr_pbs / warehouse_single_dock_w3 / zone_50t / 151 agents / seed 1024
[116/200] rhcr_pbs / warehouse_single_dock_w3 / intermittent_80s80m15r / 151 agents / seed 33
[117/200] rhcr_pbs / warehouse_single_dock_w3 / intermittent_80s80m15r / 151 agents / seed 456
[118/200] rhcr_pbs / warehouse_single_dock_w3 / intermittent_80s80m15r / 151 agents / seed 123
[119/200] rhcr_pbs / warehouse_single_dock_w3 / intermittent_80s80m15r / 151 agents / seed 33
[120/200] rhcr_pbs / warehouse_single_dock_w3 / intermittent_80s80m15r / 151 agents / seed 101
[121/200] rhcr_pbs / warehouse_single_dock_w3 / zone_50t / 151 agents / seed 1024
[122/200] rhcr_pbs / warehouse_single_dock_w3 / zone_50t / 151 agents / seed 1024
[123/200] rhcr_pbs / warehouse_single_dock_w3 / intermittent_80s80m15r / 151 agents / seed 2048
[124/200] rhcr_pbs / warehouse_single_dock_w3 / intermittent_80s80m15r / 151 agents / seed 2048
[125/200] rhcr_pbs / warehouse_single_dock_w3 / intermittent_80s80m15r / 151 agents / seed 456
[126/200] rhcr_pbs / warehouse_single_dock_w3 / zone_50t / 151 agents / seed 456
[127/200] rhcr_pbs / warehouse_single_dock_w3 / intermittent_80s80m15r / 151 agents / seed 101
[128/200] rhcr_pbs / warehouse_single_dock_w3 / intermittent_80s80m15r / 151 agents / seed 2048
[129/200] rhcr_pbs / warehouse_single_dock_w3 / intermittent_80s80m15r / 151 agents / seed 9999
[130/200] rhcr_pbs / warehouse_single_dock_w3 / intermittent_80s80m15r / 151 agents / seed 123
[131/200] rhcr_pbs / warehouse_single_dock_w3 / intermittent_80s80m15r / 151 agents / seed 2048
[132/200] rhcr_pbs / warehouse_single_dock_w3 / intermittent_80s80m15r / 151 agents / seed 9999
[133/200] rhcr_pbs / warehouse_single_dock_w3 / intermittent_80s80m15r / 151 agents / seed 9999
[134/200] rhcr_pbs / warehouse_single_dock_w3 / intermittent_80s80m15r / 151 agents / seed 1337
[135/200] rhcr_pbs / warehouse_single_dock_w3 / intermittent_80s80m15r / 151 agents / seed 1337
[136/200] rhcr_pbs / warehouse_single_dock_w3 / intermittent_80s80m15r / 151 agents / seed 44
[137/200] rhcr_pbs / warehouse_single_dock_w3 / zone_50t / 151 agents / seed 456
[138/200] rhcr_pbs / warehouse_single_dock_w3 / intermittent_80s80m15r / 151 agents / seed 44
[139/200] rhcr_pbs / warehouse_single_dock_w3 / intermittent_80s80m15r / 151 agents / seed 7777
[140/200] rhcr_pbs / warehouse_single_dock_w3 / intermittent_80s80m15r / 151 agents / seed 7777
[141/200] rhcr_pbs / warehouse_single_dock_w3 / intermittent_80s80m15r / 151 agents / seed 7777
[142/200] rhcr_pbs / warehouse_single_dock_w3 / intermittent_80s80m15r / 151 agents / seed 456
[143/200] rhcr_pbs / warehouse_single_dock_w3 / intermittent_80s80m15r / 151 agents / seed 22
[144/200] rhcr_pbs / warehouse_single_dock_w3 / intermittent_80s80m15r / 151 agents / seed 7777
[145/200] rhcr_pbs / warehouse_single_dock_w3 / intermittent_80s80m15r / 151 agents / seed 55
[146/200] rhcr_pbs / warehouse_single_dock_w3 / intermittent_80s80m15r / 151 agents / seed 55
[147/200] rhcr_pbs / warehouse_single_dock_w3 / intermittent_80s80m15r / 151 agents / seed 456
[148/200] rhcr_pbs / warehouse_single_dock_w3 / intermittent_80s80m15r / 151 agents / seed 55
[149/200] rhcr_pbs / warehouse_single_dock_w3 / intermittent_80s80m15r / 151 agents / seed 202
[150/200] rhcr_pbs / warehouse_single_dock_w3 / intermittent_80s80m15r / 151 agents / seed 55
[151/200] rhcr_pbs / warehouse_single_dock_w3 / intermittent_80s80m15r / 151 agents / seed 55
[152/200] rhcr_pbs / warehouse_single_dock_w3 / intermittent_80s80m15r / 151 agents / seed 44
[153/200] rhcr_pbs / warehouse_single_dock_w3 / intermittent_80s80m15r / 151 agents / seed 7777
[154/200] rhcr_pbs / warehouse_single_dock_w3 / intermittent_80s80m15r / 151 agents / seed 789
[155/200] rhcr_pbs / warehouse_single_dock_w3 / intermittent_80s80m15r / 151 agents / seed 3141
[156/200] rhcr_pbs / warehouse_single_dock_w3 / intermittent_80s80m15r / 151 agents / seed 3141
[157/200] rhcr_pbs / warehouse_single_dock_w3 / intermittent_80s80m15r / 151 agents / seed 22
[158/200] rhcr_pbs / warehouse_single_dock_w3 / intermittent_80s80m15r / 151 agents / seed 22
[159/200] rhcr_pbs / warehouse_single_dock_w3 / intermittent_80s80m15r / 151 agents / seed 789
[160/200] rhcr_pbs / warehouse_single_dock_w3 / intermittent_80s80m15r / 151 agents / seed 3141
[161/200] rhcr_pbs / warehouse_single_dock_w3 / intermittent_80s80m15r / 151 agents / seed 789
[162/200] rhcr_pbs / warehouse_single_dock_w3 / intermittent_80s80m15r / 151 agents / seed 22
[163/200] rhcr_pbs / warehouse_single_dock_w3 / intermittent_80s80m15r / 151 agents / seed 3141
[164/200] rhcr_pbs / warehouse_single_dock_w3 / intermittent_80s80m15r / 151 agents / seed 3141
[165/200] rhcr_pbs / warehouse_single_dock_w3 / intermittent_80s80m15r / 151 agents / seed 1024
[166/200] rhcr_pbs / warehouse_single_dock_w3 / intermittent_80s80m15r / 151 agents / seed 1024
[167/200] rhcr_pbs / warehouse_single_dock_w3 / intermittent_80s80m15r / 151 agents / seed 303
[168/200] rhcr_pbs / warehouse_single_dock_w3 / intermittent_80s80m15r / 151 agents / seed 22
[169/200] rhcr_pbs / warehouse_single_dock_w3 / intermittent_80s80m15r / 151 agents / seed 1337
[170/200] rhcr_pbs / warehouse_single_dock_w3 / intermittent_80s80m15r / 151 agents / seed 202
[171/200] rhcr_pbs / warehouse_single_dock_w3 / intermittent_80s80m15r / 151 agents / seed 9999
[172/200] rhcr_pbs / warehouse_single_dock_w3 / intermittent_80s80m15r / 151 agents / seed 202
[173/200] rhcr_pbs / warehouse_single_dock_w3 / intermittent_80s80m15r / 151 agents / seed 1024
[174/200] rhcr_pbs / warehouse_single_dock_w3 / intermittent_80s80m15r / 151 agents / seed 44
[175/200] rhcr_pbs / warehouse_single_dock_w3 / intermittent_80s80m15r / 151 agents / seed 44
[176/200] rhcr_pbs / warehouse_single_dock_w3 / intermittent_80s80m15r / 151 agents / seed 303
[177/200] rhcr_pbs / warehouse_single_dock_w3 / intermittent_80s80m15r / 151 agents / seed 202
[178/200] rhcr_pbs / warehouse_single_dock_w3 / intermittent_80s80m15r / 151 agents / seed 404
[179/200] rhcr_pbs / warehouse_single_dock_w3 / intermittent_80s80m15r / 151 agents / seed 202
[180/200] rhcr_pbs / warehouse_single_dock_w3 / intermittent_80s80m15r / 151 agents / seed 1024
[181/200] rhcr_pbs / warehouse_single_dock_w3 / intermittent_80s80m15r / 151 agents / seed 404
[182/200] rhcr_pbs / warehouse_single_dock_w3 / intermittent_80s80m15r / 151 agents / seed 789
[183/200] rhcr_pbs / warehouse_single_dock_w3 / intermittent_80s80m15r / 151 agents / seed 789
[184/200] rhcr_pbs / warehouse_single_dock_w3 / intermittent_80s80m15r / 151 agents / seed 505
[185/200] rhcr_pbs / warehouse_single_dock_w3 / intermittent_80s80m15r / 151 agents / seed 303
[186/200] rhcr_pbs / warehouse_single_dock_w3 / intermittent_80s80m15r / 151 agents / seed 505
[187/200] rhcr_pbs / warehouse_single_dock_w3 / intermittent_80s80m15r / 151 agents / seed 303
[188/200] rhcr_pbs / warehouse_single_dock_w3 / intermittent_80s80m15r / 151 agents / seed 505
[189/200] rhcr_pbs / warehouse_single_dock_w3 / intermittent_80s80m15r / 151 agents / seed 33
[190/200] rhcr_pbs / warehouse_single_dock_w3 / intermittent_80s80m15r / 151 agents / seed 1337
[191/200] rhcr_pbs / warehouse_single_dock_w3 / intermittent_80s80m15r / 151 agents / seed 1337
[192/200] rhcr_pbs / warehouse_single_dock_w3 / intermittent_80s80m15r / 151 agents / seed 505
[193/200] rhcr_pbs / warehouse_single_dock_w3 / intermittent_80s80m15r / 151 agents / seed 303
[194/200] rhcr_pbs / warehouse_single_dock_w3 / intermittent_80s80m15r / 151 agents / seed 404
[195/200] rhcr_pbs / warehouse_single_dock_w3 / intermittent_80s80m15r / 151 agents / seed 9999
[196/200] rhcr_pbs / warehouse_single_dock_w3 / intermittent_80s80m15r / 151 agents / seed 505
[197/200] rhcr_pbs / warehouse_single_dock_w3 / intermittent_80s80m15r / 151 agents / seed 404
[198/200] rhcr_pbs / warehouse_single_dock_w3 / intermittent_80s80m15r / 151 agents / seed 33
[199/200] rhcr_pbs / warehouse_single_dock_w3 / intermittent_80s80m15r / 151 agents / seed 404
[200/200] rhcr_pbs / warehouse_single_dock_w3 / intermittent_80s80m15r / 151 agents / seed 1024
